Archive member included to satisfy reference by file (symbol)

c:/st/stm32cubeide_1.3.0/stm32cubeide/plugins/com.st.stm32cube.ide.mcu.externaltools.gnu-tools-for-stm32.7-2018-q2-update.win32_1.0.0.201904181610/tools/bin/../lib/gcc/arm-none-eabi/7.3.1/../../../../arm-none-eabi/lib/thumb/v7e-m/fpv5/hard\libc_nano.a(lib_a-errno.o)
                              Core/Src/syscalls.o (__errno)
c:/st/stm32cubeide_1.3.0/stm32cubeide/plugins/com.st.stm32cube.ide.mcu.externaltools.gnu-tools-for-stm32.7-2018-q2-update.win32_1.0.0.201904181610/tools/bin/../lib/gcc/arm-none-eabi/7.3.1/../../../../arm-none-eabi/lib/thumb/v7e-m/fpv5/hard\libc_nano.a(lib_a-exit.o)
                              c:/st/stm32cubeide_1.3.0/stm32cubeide/plugins/com.st.stm32cube.ide.mcu.externaltools.gnu-tools-for-stm32.7-2018-q2-update.win32_1.0.0.201904181610/tools/bin/../lib/gcc/arm-none-eabi/7.3.1/../../../../arm-none-eabi/lib/thumb/v7e-m/fpv5/hard/crt0.o (exit)
c:/st/stm32cubeide_1.3.0/stm32cubeide/plugins/com.st.stm32cube.ide.mcu.externaltools.gnu-tools-for-stm32.7-2018-q2-update.win32_1.0.0.201904181610/tools/bin/../lib/gcc/arm-none-eabi/7.3.1/../../../../arm-none-eabi/lib/thumb/v7e-m/fpv5/hard\libc_nano.a(lib_a-impure.o)
                              c:/st/stm32cubeide_1.3.0/stm32cubeide/plugins/com.st.stm32cube.ide.mcu.externaltools.gnu-tools-for-stm32.7-2018-q2-update.win32_1.0.0.201904181610/tools/bin/../lib/gcc/arm-none-eabi/7.3.1/../../../../arm-none-eabi/lib/thumb/v7e-m/fpv5/hard\libc_nano.a(lib_a-exit.o) (_global_impure_ptr)
c:/st/stm32cubeide_1.3.0/stm32cubeide/plugins/com.st.stm32cube.ide.mcu.externaltools.gnu-tools-for-stm32.7-2018-q2-update.win32_1.0.0.201904181610/tools/bin/../lib/gcc/arm-none-eabi/7.3.1/../../../../arm-none-eabi/lib/thumb/v7e-m/fpv5/hard\libc_nano.a(lib_a-init.o)
                              c:/st/stm32cubeide_1.3.0/stm32cubeide/plugins/com.st.stm32cube.ide.mcu.externaltools.gnu-tools-for-stm32.7-2018-q2-update.win32_1.0.0.201904181610/tools/bin/../lib/gcc/arm-none-eabi/7.3.1/../../../../arm-none-eabi/lib/thumb/v7e-m/fpv5/hard/crt0.o (__libc_init_array)
c:/st/stm32cubeide_1.3.0/stm32cubeide/plugins/com.st.stm32cube.ide.mcu.externaltools.gnu-tools-for-stm32.7-2018-q2-update.win32_1.0.0.201904181610/tools/bin/../lib/gcc/arm-none-eabi/7.3.1/../../../../arm-none-eabi/lib/thumb/v7e-m/fpv5/hard\libc_nano.a(lib_a-memset.o)
                              c:/st/stm32cubeide_1.3.0/stm32cubeide/plugins/com.st.stm32cube.ide.mcu.externaltools.gnu-tools-for-stm32.7-2018-q2-update.win32_1.0.0.201904181610/tools/bin/../lib/gcc/arm-none-eabi/7.3.1/../../../../arm-none-eabi/lib/thumb/v7e-m/fpv5/hard/crt0.o (memset)
c:/st/stm32cubeide_1.3.0/stm32cubeide/plugins/com.st.stm32cube.ide.mcu.externaltools.gnu-tools-for-stm32.7-2018-q2-update.win32_1.0.0.201904181610/tools/bin/../lib/gcc/arm-none-eabi/7.3.1/../../../../arm-none-eabi/lib/thumb/v7e-m/fpv5/hard\libc_nano.a(lib_a-strlen.o)
                              Core/Src/main.o (strlen)
c:/st/stm32cubeide_1.3.0/stm32cubeide/plugins/com.st.stm32cube.ide.mcu.externaltools.gnu-tools-for-stm32.7-2018-q2-update.win32_1.0.0.201904181610/tools/bin/../lib/gcc/arm-none-eabi/7.3.1/thumb/v7e-m/fpv5/hard\libgcc.a(_aeabi_uldivmod.o)
                              Drivers/STM32H7xx_HAL_Driver/Src/stm32h7xx_hal_uart.o (__aeabi_uldivmod)
c:/st/stm32cubeide_1.3.0/stm32cubeide/plugins/com.st.stm32cube.ide.mcu.externaltools.gnu-tools-for-stm32.7-2018-q2-update.win32_1.0.0.201904181610/tools/bin/../lib/gcc/arm-none-eabi/7.3.1/thumb/v7e-m/fpv5/hard\libgcc.a(_udivmoddi4.o)
                              c:/st/stm32cubeide_1.3.0/stm32cubeide/plugins/com.st.stm32cube.ide.mcu.externaltools.gnu-tools-for-stm32.7-2018-q2-update.win32_1.0.0.201904181610/tools/bin/../lib/gcc/arm-none-eabi/7.3.1/thumb/v7e-m/fpv5/hard\libgcc.a(_aeabi_uldivmod.o) (__udivmoddi4)
c:/st/stm32cubeide_1.3.0/stm32cubeide/plugins/com.st.stm32cube.ide.mcu.externaltools.gnu-tools-for-stm32.7-2018-q2-update.win32_1.0.0.201904181610/tools/bin/../lib/gcc/arm-none-eabi/7.3.1/thumb/v7e-m/fpv5/hard\libgcc.a(_dvmd_tls.o)
                              c:/st/stm32cubeide_1.3.0/stm32cubeide/plugins/com.st.stm32cube.ide.mcu.externaltools.gnu-tools-for-stm32.7-2018-q2-update.win32_1.0.0.201904181610/tools/bin/../lib/gcc/arm-none-eabi/7.3.1/thumb/v7e-m/fpv5/hard\libgcc.a(_aeabi_uldivmod.o) (__aeabi_ldiv0)

Allocating common symbols
Common symbol       size              file

uwTick              0x4               Drivers/STM32H7xx_HAL_Driver/Src/stm32h7xx_hal.o
pFlash              0x1c              Drivers/STM32H7xx_HAL_Driver/Src/stm32h7xx_hal_flash.o
huart1              0x8c              Core/Src/main.o
htim1               0x40              Core/Src/main.o

Discarded input sections

 .text          0x0000000000000000        0x0 c:/st/stm32cubeide_1.3.0/stm32cubeide/plugins/com.st.stm32cube.ide.mcu.externaltools.gnu-tools-for-stm32.7-2018-q2-update.win32_1.0.0.201904181610/tools/bin/../lib/gcc/arm-none-eabi/7.3.1/thumb/v7e-m/fpv5/hard/crti.o
[...]
Memory Configuration

Name             Origin             Length             Attributes
DTCMRAM          0x0000000020000000 0x0000000000020000 xrw
ITCMRAM          0x0000000000000000 0x0000000000010000 xrw
RAM_D1           0x0000000024000000 0x0000000000080000 xrw
RAM_D2           0x0000000030000000 0x0000000000048000 xrw
RAM_D3           0x0000000038000000 0x0000000000010000 xrw
FLASH            0x0000000008000000 0x0000000000200000 xr
*default*        0x0000000000000000 0xffffffffffffffff

Linker script and memory map

LOAD c:/st/stm32cubeide_1.3.0/stm32cubeide/plugins/com.st.stm32cube.ide.mcu.externaltools.gnu-tools-for-stm32.7-2018-q2-update.win32_1.0.0.201904181610/tools/bin/../lib/gcc/arm-none-eabi/7.3.1/thumb/v7e-m/fpv5/hard/crti.o
LOAD c:/st/stm32cubeide_1.3.0/stm32cubeide/plugins/com.st.stm32cube.ide.mcu.externaltools.gnu-tools-for-stm32.7-2018-q2-update.win32_1.0.0.201904181610/tools/bin/../lib/gcc/arm-none-eabi/7.3.1/thumb/v7e-m/fpv5/hard/crtbegin.o
LOAD c:/st/stm32cubeide_1.3.0/stm32cubeide/plugins/com.st.stm32cube.ide.mcu.externaltools.gnu-tools-for-stm32.7-2018-q2-update.win32_1.0.0.201904181610/tools/bin/../lib/gcc/arm-none-eabi/7.3.1/../../../../arm-none-eabi/lib/thumb/v7e-m/fpv5/hard/crt0.o
LOAD Core/Src/main.o
LOAD Core/Src/stm32h7xx_hal_msp.o
LOAD Core/Src/stm32h7xx_it.o
LOAD Core/Src/syscalls.o
LOAD Core/Src/sysmem.o
LOAD Core/Src/system_stm32h7xx.o
LOAD Core/Startup/startup_stm32h743zitx.o
LOAD Drivers/STM32H7xx_HAL_Driver/Src/stm32h7xx_hal.o
LOAD Drivers/STM32H7xx_HAL_Driver/Src/stm32h7xx_hal_cortex.o
LOAD Drivers/STM32H7xx_HAL_Driver/Src/stm32h7xx_hal_dma.o
LOAD Drivers/STM32H7xx_HAL_Driver/Src/stm32h7xx_hal_dma_ex.o
LOAD Drivers/STM32H7xx_HAL_Driver/Src/stm32h7xx_hal_exti.o
LOAD Drivers/STM32H7xx_HAL_Driver/Src/stm32h7xx_hal_flash.o
LOAD Drivers/STM32H7xx_HAL_Driver/Src/stm32h7xx_hal_flash_ex.o
LOAD Drivers/STM32H7xx_HAL_Driver/Src/stm32h7xx_hal_gpio.o
LOAD Drivers/STM32H7xx_HAL_Driver/Src/stm32h7xx_hal_hsem.o
LOAD Drivers/STM32H7xx_HAL_Driver/Src/stm32h7xx_hal_i2c.o
LOAD Drivers/STM32H7xx_HAL_Driver/Src/stm32h7xx_hal_i2c_ex.o
LOAD Drivers/STM32H7xx_HAL_Driver/Src/stm32h7xx_hal_mdma.o
LOAD Drivers/STM32H7xx_HAL_Driver/Src/stm32h7xx_hal_pwr.o
LOAD Drivers/STM32H7xx_HAL_Driver/Src/stm32h7xx_hal_pwr_ex.o
LOAD Drivers/STM32H7xx_HAL_Driver/Src/stm32h7xx_hal_rcc.o
LOAD Drivers/STM32H7xx_HAL_Driver/Src/stm32h7xx_hal_rcc_ex.o
LOAD Drivers/STM32H7xx_HAL_Driver/Src/stm32h7xx_hal_tim.o
LOAD Drivers/STM32H7xx_HAL_Driver/Src/stm32h7xx_hal_tim_ex.o
LOAD Drivers/STM32H7xx_HAL_Driver/Src/stm32h7xx_hal_uart.o
LOAD Drivers/STM32H7xx_HAL_Driver/Src/stm32h7xx_hal_uart_ex.o
START GROUP
LOAD c:/st/stm32cubeide_1.3.0/stm32cubeide/plugins/com.st.stm32cube.ide.mcu.externaltools.gnu-tools-for-stm32.7-2018-q2-update.win32_1.0.0.201904181610/tools/bin/../lib/gcc/arm-none-eabi/7.3.1/../../../../arm-none-eabi/lib/thumb/v7e-m/fpv5/hard\libc_nano.a
LOAD c:/st/stm32cubeide_1.3.0/stm32cubeide/plugins/com.st.stm32cube.ide.mcu.externaltools.gnu-tools-for-stm32.7-2018-q2-update.win32_1.0.0.201904181610/tools/bin/../lib/gcc/arm-none-eabi/7.3.1/../../../../arm-none-eabi/lib/thumb/v7e-m/fpv5/hard\libm.a
END GROUP
START GROUP
LOAD c:/st/stm32cubeide_1.3.0/stm32cubeide/plugins/com.st.stm32cube.ide.mcu.externaltools.gnu-tools-for-stm32.7-2018-q2-update.win32_1.0.0.201904181610/tools/bin/../lib/gcc/arm-none-eabi/7.3.1/thumb/v7e-m/fpv5/hard\libgcc.a
LOAD c:/st/stm32cubeide_1.3.0/stm32cubeide/plugins/com.st.stm32cube.ide.mcu.externaltools.gnu-tools-for-stm32.7-2018-q2-update.win32_1.0.0.201904181610/tools/bin/../lib/gcc/arm-none-eabi/7.3.1/../../../../arm-none-eabi/lib/thumb/v7e-m/fpv5/hard\libc_nano.a
END GROUP
START GROUP
LOAD c:/st/stm32cubeide_1.3.0/stm32cubeide/plugins/com.st.stm32cube.ide.mcu.externaltools.gnu-tools-for-stm32.7-2018-q2-update.win32_1.0.0.201904181610/tools/bin/../lib/gcc/arm-none-eabi/7.3.1/thumb/v7e-m/fpv5/hard\libgcc.a
LOAD c:/st/stm32cubeide_1.3.0/stm32cubeide/plugins/com.st.stm32cube.ide.mcu.externaltools.gnu-tools-for-stm32.7-2018-q2-update.win32_1.0.0.201904181610/tools/bin/../lib/gcc/arm-none-eabi/7.3.1/../../../../arm-none-eabi/lib/thumb/v7e-m/fpv5/hard\libc_nano.a
LOAD c:/st/stm32cubeide_1.3.0/stm32cubeide/plugins/com.st.stm32cube.ide.mcu.externaltools.gnu-tools-for-stm32.7-2018-q2-update.win32_1.0.0.201904181610/tools/bin/../lib/gcc/arm-none-eabi/7.3.1/../../../../arm-none-eabi/lib/thumb/v7e-m/fpv5/hard\libnosys.a
END GROUP
START GROUP
LOAD c:/st/stm32cubeide_1.3.0/stm32cubeide/plugins/com.st.stm32cube.ide.mcu.externaltools.gnu-tools-for-stm32.7-2018-q2-update.win32_1.0.0.201904181610/tools/bin/../lib/gcc/arm-none-eabi/7.3.1/thumb/v7e-m/fpv5/hard\libgcc.a
LOAD c:/st/stm32cubeide_1.3.0/stm32cubeide/plugins/com.st.stm32cube.ide.mcu.externaltools.gnu-tools-for-stm32.7-2018-q2-update.win32_1.0.0.201904181610/tools/bin/../lib/gcc/arm-none-eabi/7.3.1/../../../../arm-none-eabi/lib/thumb/v7e-m/fpv5/hard\libc_nano.a
LOAD c:/st/stm32cubeide_1.3.0/stm32cubeide/plugins/com.st.stm32cube.ide.mcu.externaltools.gnu-tools-for-stm32.7-2018-q2-update.win32_1.0.0.201904181610/tools/bin/../lib/gcc/arm-none-eabi/7.3.1/../../../../arm-none-eabi/lib/thumb/v7e-m/fpv5/hard\libnosys.a
END GROUP
LOAD c:/st/stm32cubeide_1.3.0/stm32cubeide/plugins/com.st.stm32cube.ide.mcu.externaltools.gnu-tools-for-stm32.7-2018-q2-update.win32_1.0.0.201904181610/tools/bin/../lib/gcc/arm-none-eabi/7.3.1/thumb/v7e-m/fpv5/hard/crtend.o
LOAD c:/st/stm32cubeide_1.3.0/stm32cubeide/plugins/com.st.stm32cube.ide.mcu.externaltools.gnu-tools-for-stm32.7-2018-q2-update.win32_1.0.0.201904181610/tools/bin/../lib/gcc/arm-none-eabi/7.3.1/thumb/v7e-m/fpv5/hard/crtn.o
                0x0000000024080000                _estack = (ORIGIN (RAM_D1) + LENGTH (RAM_D1))
                0x0000000000000200                _Min_Heap_Size = 0x200
                0x0000000000000400                _Min_Stack_Size = 0x400

.isr_vector     0x0000000008000000      0x298
                0x0000000008000000                . = ALIGN (0x4)
 *(.isr_vector)
 .isr_vector    0x0000000008000000      0x298 Core/Startup/startup_stm32h743zitx.o
                0x0000000008000000                g_pfnVectors
                0x0000000008000298                . = ALIGN (0x4)

.text           0x0000000008000298     0x68f4
                0x0000000008000298                . = ALIGN (0x4)
 *(.text)
 .text          0x0000000008000298       0x40 c:/st/stm32cubeide_1.3.0/stm32cubeide/plugins/com.st.stm32cube.ide.mcu.externaltools.gnu-tools-for-stm32.7-2018-q2-update.win32_1.0.0.201904181610/tools/bin/../lib/gcc/arm-none-eabi/7.3.1/thumb/v7e-m/fpv5/hard/crtbegin.o
 .text          0x00000000080002d8       0x10 c:/st/stm32cubeide_1.3.0/stm32cubeide/plugins/com.st.stm32cube.ide.mcu.externaltools.gnu-tools-for-stm32.7-2018-q2-update.win32_1.0.0.201904181610/tools/bin/../lib/gcc/arm-none-eabi/7.3.1/../../../../arm-none-eabi/lib/thumb/v7e-m/fpv5/hard\libc_nano.a(lib_a-strlen.o)
                0x00000000080002d8                strlen
 .text          0x00000000080002e8       0x30 c:/st/stm32cubeide_1.3.0/stm32cubeide/plugins/com.st.stm32cube.ide.mcu.externaltools.gnu-tools-for-stm32.7-2018-q2-update.win32_1.0.0.201904181610/tools/bin/../lib/gcc/arm-none-eabi/7.3.1/thumb/v7e-m/fpv5/hard\libgcc.a(_aeabi_uldivmod.o)
                0x00000000080002e8                __aeabi_uldivmod
 .text          0x0000000008000318      0x2cc c:/st/stm32cubeide_1.3.0/stm32cubeide/plugins/com.st.stm32cube.ide.mcu.externaltools.gnu-tools-for-stm32.7-2018-q2-update.win32_1.0.0.201904181610/tools/bin/../lib/gcc/arm-none-eabi/7.3.1/thumb/v7e-m/fpv5/hard\libgcc.a(_udivmoddi4.o)
                0x0000000008000318                __udivmoddi4
 .text          0x00000000080005e4        0x4 c:/st/stm32cubeide_1.3.0/stm32cubeide/plugins/com.st.stm32cube.ide.mcu.externaltools.gnu-tools-for-stm32.7-2018-q2-update.win32_1.0.0.201904181610/tools/bin/../lib/gcc/arm-none-eabi/7.3.1/thumb/v7e-m/fpv5/hard\libgcc.a(_dvmd_tls.o)
                0x00000000080005e4                __aeabi_idiv0
                0x00000000080005e4                __aeabi_ldiv0
 *(.text*)
 .text.SendMess
                0x00000000080005e8       0xa8 Core/Src/main.o
                0x00000000080005e8                SendMess
 .text.main     0x0000000008000690       0x94 Core/Src/main.o
                0x0000000008000690                main
 .text.SystemClock_Config
                0x0000000008000724      0x130 Core/Src/main.o
                0x0000000008000724                SystemClock_Config
 .text.MX_TIM1_Init
                0x0000000008000854       0xa4 Core/Src/main.o
 .text.MX_USART1_UART_Init
                0x00000000080008f8       0x98 Core/Src/main.o
 .text.MX_GPIO_Init
                0x0000000008000990      0x220 Core/Src/main.o
 .text.Error_Handler
                0x0000000008000bb0        0xe Core/Src/main.o
                0x0000000008000bb0                Error_Handler
 *fill*         0x0000000008000bbe        0x2 
 .text.HAL_MspInit
                0x0000000008000bc0       0x34 Core/Src/stm32h7xx_hal_msp.o
                0x0000000008000bc0                HAL_MspInit
 .text.HAL_TIM_Base_MspInit
                0x0000000008000bf4       0x44 Core/Src/stm32h7xx_hal_msp.o
                0x0000000008000bf4                HAL_TIM_Base_MspInit
 .text.HAL_UART_MspInit
                0x0000000008000c38       0x94 Core/Src/stm32h7xx_hal_msp.o
                0x0000000008000c38                HAL_UART_MspInit
 .text.NMI_Handler
                0x0000000008000ccc        0xe Core/Src/stm32h7xx_it.o
                0x0000000008000ccc                NMI_Handler
 .text.HardFault_Handler
                0x0000000008000cda        0x6 Core/Src/stm32h7xx_it.o
                0x0000000008000cda                HardFault_Handler
 .text.MemManage_Handler
                0x0000000008000ce0        0x6 Core/Src/stm32h7xx_it.o
                0x0000000008000ce0                MemManage_Handler
 .text.BusFault_Handler
                0x0000000008000ce6        0x6 Core/Src/stm32h7xx_it.o
                0x0000000008000ce6                BusFault_Handler
 .text.UsageFault_Handler
                0x0000000008000cec        0x6 Core/Src/stm32h7xx_it.o
                0x0000000008000cec                UsageFault_Handler
 .text.SVC_Handler
                0x0000000008000cf2        0xe Core/Src/stm32h7xx_it.o
                0x0000000008000cf2                SVC_Handler
 .text.DebugMon_Handler
                0x0000000008000d00        0xe Core/Src/stm32h7xx_it.o
                0x0000000008000d00                DebugMon_Handler
 .text.PendSV_Handler
                0x0000000008000d0e        0xe Core/Src/stm32h7xx_it.o
                0x0000000008000d0e                PendSV_Handler
 .text.SysTick_Handler
                0x0000000008000d1c        0xc Core/Src/stm32h7xx_it.o
                0x0000000008000d1c                SysTick_Handler
 .text.SystemInit
                0x0000000008000d28       0xc4 Core/Src/system_stm32h7xx.o
                0x0000000008000d28                SystemInit
 .text.Reset_Handler
                0x0000000008000dec       0x50 Core/Startup/startup_stm32h743zitx.o
                0x0000000008000dec                Reset_Handler
 .text.Default_Handler
                0x0000000008000e3c        0x2 Core/Startup/startup_stm32h743zitx.o
                0x0000000008000e3c                RTC_Alarm_IRQHandler
                0x0000000008000e3c                EXTI2_IRQHandler
                0x0000000008000e3c                TIM8_CC_IRQHandler
                0x0000000008000e3c                HRTIM1_Master_IRQHandler
                0x0000000008000e3c                UART8_IRQHandler
                0x0000000008000e3c                SPI4_IRQHandler
                0x0000000008000e3c                TIM1_CC_IRQHandler
                0x0000000008000e3c                BDMA_Channel6_IRQHandler
                0x0000000008000e3c                DMA2_Stream5_IRQHandler
                0x0000000008000e3c                HRTIM1_FLT_IRQHandler
                0x0000000008000e3c                JPEG_IRQHandler
                0x0000000008000e3c                DMA1_Stream5_IRQHandler
                0x0000000008000e3c                BDMA_Channel1_IRQHandler
                0x0000000008000e3c                HRTIM1_TIMD_IRQHandler
                0x0000000008000e3c                TAMP_STAMP_IRQHandler
                0x0000000008000e3c                EXTI3_IRQHandler
                0x0000000008000e3c                LPTIM4_IRQHandler
                0x0000000008000e3c                TIM8_TRG_COM_TIM14_IRQHandler
                0x0000000008000e3c                LPTIM2_IRQHandler
                0x0000000008000e3c                DFSDM1_FLT1_IRQHandler
                0x0000000008000e3c                DMAMUX2_OVR_IRQHandler
                0x0000000008000e3c                TIM8_UP_TIM13_IRQHandler
                0x0000000008000e3c                I2C3_ER_IRQHandler
                0x0000000008000e3c                DFSDM1_FLT2_IRQHandler
                0x0000000008000e3c                MDMA_IRQHandler
                0x0000000008000e3c                LPTIM3_IRQHandler
                0x0000000008000e3c                HSEM1_IRQHandler
                0x0000000008000e3c                EXTI0_IRQHandler
                0x0000000008000e3c                I2C2_EV_IRQHandler
                0x0000000008000e3c                DMA1_Stream2_IRQHandler
                0x0000000008000e3c                FPU_IRQHandler
                0x0000000008000e3c                OTG_HS_WKUP_IRQHandler
                0x0000000008000e3c                FDCAN1_IT1_IRQHandler
                0x0000000008000e3c                LTDC_ER_IRQHandler
                0x0000000008000e3c                DMA2_Stream2_IRQHandler
                0x0000000008000e3c                HRTIM1_TIME_IRQHandler
                0x0000000008000e3c                SPI1_IRQHandler
                0x0000000008000e3c                TIM6_DAC_IRQHandler
                0x0000000008000e3c                DCMI_IRQHandler
                0x0000000008000e3c                HRTIM1_TIMC_IRQHandler
                0x0000000008000e3c                DMA2_Stream3_IRQHandler
                0x0000000008000e3c                SAI2_IRQHandler
                0x0000000008000e3c                DFSDM1_FLT3_IRQHandler
                0x0000000008000e3c                USART6_IRQHandler
                0x0000000008000e3c                TIM17_IRQHandler
                0x0000000008000e3c                USART3_IRQHandler
                0x0000000008000e3c                BDMA_Channel7_IRQHandler
                0x0000000008000e3c                LPTIM5_IRQHandler
                0x0000000008000e3c                UART5_IRQHandler
                0x0000000008000e3c                ADC3_IRQHandler
                0x0000000008000e3c                DMA2_Stream0_IRQHandler
                0x0000000008000e3c                TIM4_IRQHandler
                0x0000000008000e3c                BDMA_Channel2_IRQHandler
                0x0000000008000e3c                QUADSPI_IRQHandler
                0x0000000008000e3c                I2C1_EV_IRQHandler
                0x0000000008000e3c                DMA1_Stream6_IRQHandler
                0x0000000008000e3c                DMAMUX1_OVR_IRQHandler
                0x0000000008000e3c                DMA1_Stream1_IRQHandler
                0x0000000008000e3c                TIM16_IRQHandler
                0x0000000008000e3c                UART4_IRQHandler
                0x0000000008000e3c                BDMA_Channel5_IRQHandler
                0x0000000008000e3c                TIM3_IRQHandler
                0x0000000008000e3c                RCC_IRQHandler
                0x0000000008000e3c                TIM8_BRK_TIM12_IRQHandler
                0x0000000008000e3c                TIM1_TRG_COM_IRQHandler
                0x0000000008000e3c                Default_Handler
                0x0000000008000e3c                ECC_IRQHandler
                0x0000000008000e3c                CEC_IRQHandler
                0x0000000008000e3c                EXTI15_10_IRQHandler
                0x0000000008000e3c                BDMA_Channel0_IRQHandler
                0x0000000008000e3c                ADC_IRQHandler
                0x0000000008000e3c                DMA1_Stream7_IRQHandler
                0x0000000008000e3c                HRTIM1_TIMA_IRQHandler
                0x0000000008000e3c                SPI5_IRQHandler
                0x0000000008000e3c                TIM7_IRQHandler
                0x0000000008000e3c                SDMMC1_IRQHandler
                0x0000000008000e3c                TIM5_IRQHandler
                0x0000000008000e3c                DMA2_Stream7_IRQHandler
                0x0000000008000e3c                TIM15_IRQHandler
                0x0000000008000e3c                PVD_AVD_IRQHandler
                0x0000000008000e3c                I2C3_EV_IRQHandler
                0x0000000008000e3c                EXTI9_5_IRQHandler
                0x0000000008000e3c                RTC_WKUP_IRQHandler
                0x0000000008000e3c                LTDC_IRQHandler
                0x0000000008000e3c                SAI3_IRQHandler
                0x0000000008000e3c                ETH_WKUP_IRQHandler
                0x0000000008000e3c                SPDIF_RX_IRQHandler
                0x0000000008000e3c                SPI2_IRQHandler
                0x0000000008000e3c                OTG_HS_EP1_IN_IRQHandler
                0x0000000008000e3c                DMA1_Stream0_IRQHandler
                0x0000000008000e3c                CRS_IRQHandler
                0x0000000008000e3c                EXTI4_IRQHandler
                0x0000000008000e3c                RNG_IRQHandler
                0x0000000008000e3c                HRTIM1_TIMB_IRQHandler
                0x0000000008000e3c                FDCAN2_IT1_IRQHandler
                0x0000000008000e3c                ETH_IRQHandler
                0x0000000008000e3c                TIM1_UP_IRQHandler
                0x0000000008000e3c                BDMA_Channel4_IRQHandler
                0x0000000008000e3c                OTG_HS_EP1_OUT_IRQHandler
                0x0000000008000e3c                WWDG_IRQHandler
                0x0000000008000e3c                SPI6_IRQHandler
                0x0000000008000e3c                MDIOS_IRQHandler
                0x0000000008000e3c                I2C4_EV_IRQHandler
                0x0000000008000e3c                FDCAN2_IT0_IRQHandler
                0x0000000008000e3c                LPUART1_IRQHandler
                0x0000000008000e3c                FDCAN1_IT0_IRQHandler
                0x0000000008000e3c                TIM2_IRQHandler
                0x0000000008000e3c                OTG_FS_WKUP_IRQHandler
                0x0000000008000e3c                OTG_HS_IRQHandler
                0x0000000008000e3c                DMA2D_IRQHandler
                0x0000000008000e3c                TIM1_BRK_IRQHandler
                0x0000000008000e3c                EXTI1_IRQHandler
                0x0000000008000e3c                SDMMC2_IRQHandler
                0x0000000008000e3c                OTG_FS_EP1_OUT_IRQHandler
                0x0000000008000e3c                BDMA_Channel3_IRQHandler
                0x0000000008000e3c                UART7_IRQHandler
                0x0000000008000e3c                MDIOS_WKUP_IRQHandler
                0x0000000008000e3c                USART2_IRQHandler
                0x0000000008000e3c                DFSDM1_FLT0_IRQHandler
                0x0000000008000e3c                SAI4_IRQHandler
                0x0000000008000e3c                I2C2_ER_IRQHandler
                0x0000000008000e3c                DMA2_Stream1_IRQHandler
                0x0000000008000e3c                FLASH_IRQHandler
                0x0000000008000e3c                DMA2_Stream4_IRQHandler
                0x0000000008000e3c                USART1_IRQHandler
                0x0000000008000e3c                OTG_FS_IRQHandler
                0x0000000008000e3c                SPI3_IRQHandler
                0x0000000008000e3c                WAKEUP_PIN_IRQHandler
                0x0000000008000e3c                DMA1_Stream4_IRQHandler
                0x0000000008000e3c                OTG_FS_EP1_IN_IRQHandler
                0x0000000008000e3c                I2C1_ER_IRQHandler
                0x0000000008000e3c                FMC_IRQHandler
                0x0000000008000e3c                FDCAN_CAL_IRQHandler
                0x0000000008000e3c                SWPMI1_IRQHandler
                0x0000000008000e3c                COMP1_IRQHandler
                0x0000000008000e3c                LPTIM1_IRQHandler
                0x0000000008000e3c                I2C4_ER_IRQHandler
                0x0000000008000e3c                DMA2_Stream6_IRQHandler
                0x0000000008000e3c                SAI1_IRQHandler
                0x0000000008000e3c                DMA1_Stream3_IRQHandler
 *fill*         0x0000000008000e3e        0x2 
 .text.HAL_Init
                0x0000000008000e40       0x78 Drivers/STM32H7xx_HAL_Driver/Src/stm32h7xx_hal.o
                0x0000000008000e40                HAL_Init
 .text.HAL_InitTick
                0x0000000008000eb8       0x6c Drivers/STM32H7xx_HAL_Driver/Src/stm32h7xx_hal.o
                0x0000000008000eb8                HAL_InitTick
 .text.HAL_IncTick
                0x0000000008000f24       0x28 Drivers/STM32H7xx_HAL_Driver/Src/stm32h7xx_hal.o
                0x0000000008000f24                HAL_IncTick
 .text.HAL_GetTick
                0x0000000008000f4c       0x18 Drivers/STM32H7xx_HAL_Driver/Src/stm32h7xx_hal.o
                0x0000000008000f4c                HAL_GetTick
 .text.HAL_Delay
                0x0000000008000f64       0x44 Drivers/STM32H7xx_HAL_Driver/Src/stm32h7xx_hal.o
                0x0000000008000f64                HAL_Delay
 .text.HAL_GetREVID
                0x0000000008000fa8       0x18 Drivers/STM32H7xx_HAL_Driver/Src/stm32h7xx_hal.o
                0x0000000008000fa8                HAL_GetREVID
 .text.__NVIC_SetPriorityGrouping
                0x0000000008000fc0       0x48 Drivers/STM32H7xx_HAL_Driver/Src/stm32h7xx_hal_cortex.o
 .text.__NVIC_GetPriorityGrouping
                0x0000000008001008       0x1c Drivers/STM32H7xx_HAL_Driver/Src/stm32h7xx_hal_cortex.o
 .text.__NVIC_SetPriority
                0x0000000008001024       0x54 Drivers/STM32H7xx_HAL_Driver/Src/stm32h7xx_hal_cortex.o
 .text.NVIC_EncodePriority
                0x0000000008001078       0x66 Drivers/STM32H7xx_HAL_Driver/Src/stm32h7xx_hal_cortex.o
 *fill*         0x00000000080010de        0x2 
 .text.SysTick_Config
                0x00000000080010e0       0x44 Drivers/STM32H7xx_HAL_Driver/Src/stm32h7xx_hal_cortex.o
 .text.HAL_NVIC_SetPriorityGrouping
                0x0000000008001124       0x16 Drivers/STM32H7xx_HAL_Driver/Src/stm32h7xx_hal_cortex.o
                0x0000000008001124                HAL_NVIC_SetPriorityGrouping
 .text.HAL_NVIC_SetPriority
                0x000000000800113a       0x34 Drivers/STM32H7xx_HAL_Driver/Src/stm32h7xx_hal_cortex.o
                0x000000000800113a                HAL_NVIC_SetPriority
 .text.HAL_SYSTICK_Config
                0x000000000800116e       0x18 Drivers/STM32H7xx_HAL_Driver/Src/stm32h7xx_hal_cortex.o
                0x000000000800116e                HAL_SYSTICK_Config
 *fill*         0x0000000008001186        0x2 
 .text.HAL_GPIO_Init
                0x0000000008001188      0x360 Drivers/STM32H7xx_HAL_Driver/Src/stm32h7xx_hal_gpio.o
                0x0000000008001188                HAL_GPIO_Init
 .text.HAL_GPIO_WritePin
                0x00000000080014e8       0x32 Drivers/STM32H7xx_HAL_Driver/Src/stm32h7xx_hal_gpio.o
                0x00000000080014e8                HAL_GPIO_WritePin
 *fill*         0x000000000800151a        0x2 
 .text.HAL_PWREx_ConfigSupply
                0x000000000800151c       0x74 Drivers/STM32H7xx_HAL_Driver/Src/stm32h7xx_hal_pwr_ex.o
                0x000000000800151c                HAL_PWREx_ConfigSupply
 .text.HAL_RCC_OscConfig
                0x0000000008001590      0x7b0 Drivers/STM32H7xx_HAL_Driver/Src/stm32h7xx_hal_rcc.o
                0x0000000008001590                HAL_RCC_OscConfig
 .text.HAL_RCC_ClockConfig
                0x0000000008001d40      0x36c Drivers/STM32H7xx_HAL_Driver/Src/stm32h7xx_hal_rcc.o
                0x0000000008001d40                HAL_RCC_ClockConfig
 .text.HAL_RCC_GetSysClockFreq
                0x00000000080020ac      0x2e4 Drivers/STM32H7xx_HAL_Driver/Src/stm32h7xx_hal_rcc.o
                0x00000000080020ac                HAL_RCC_GetSysClockFreq
 .text.HAL_RCC_GetHCLKFreq
                0x0000000008002390       0x60 Drivers/STM32H7xx_HAL_Driver/Src/stm32h7xx_hal_rcc.o
                0x0000000008002390                HAL_RCC_GetHCLKFreq
 .text.HAL_RCC_GetPCLK1Freq
                0x00000000080023f0       0x2c Drivers/STM32H7xx_HAL_Driver/Src/stm32h7xx_hal_rcc.o
                0x00000000080023f0                HAL_RCC_GetPCLK1Freq
 .text.HAL_RCC_GetPCLK2Freq
                0x000000000800241c       0x2c Drivers/STM32H7xx_HAL_Driver/Src/stm32h7xx_hal_rcc.o
                0x000000000800241c                HAL_RCC_GetPCLK2Freq
 .text.HAL_RCCEx_PeriphCLKConfig
                0x0000000008002448      0xdbc Drivers/STM32H7xx_HAL_Driver/Src/stm32h7xx_hal_rcc_ex.o
                0x0000000008002448                HAL_RCCEx_PeriphCLKConfig
 .text.HAL_RCCEx_GetD3PCLK1Freq
                0x0000000008003204       0x2c Drivers/STM32H7xx_HAL_Driver/Src/stm32h7xx_hal_rcc_ex.o
                0x0000000008003204                HAL_RCCEx_GetD3PCLK1Freq
 .text.HAL_RCCEx_GetPLL2ClockFreq
                0x0000000008003230      0x298 Drivers/STM32H7xx_HAL_Driver/Src/stm32h7xx_hal_rcc_ex.o
                0x0000000008003230                HAL_RCCEx_GetPLL2ClockFreq
 .text.HAL_RCCEx_GetPLL3ClockFreq
                0x00000000080034c8      0x298 Drivers/STM32H7xx_HAL_Driver/Src/stm32h7xx_hal_rcc_ex.o
                0x00000000080034c8                HAL_RCCEx_GetPLL3ClockFreq
 .text.RCCEx_PLL2_Config
                0x0000000008003760      0x164 Drivers/STM32H7xx_HAL_Driver/Src/stm32h7xx_hal_rcc_ex.o
 .text.RCCEx_PLL3_Config
                0x00000000080038c4      0x164 Drivers/STM32H7xx_HAL_Driver/Src/stm32h7xx_hal_rcc_ex.o
 .text.HAL_TIM_Base_Init
                0x0000000008003a28       0x56 Drivers/STM32H7xx_HAL_Driver/Src/stm32h7xx_hal_tim.o
                0x0000000008003a28                HAL_TIM_Base_Init
 *fill*         0x0000000008003a7e        0x2 
 .text.HAL_TIM_ConfigClockSource
                0x0000000008003a80      0x1a0 Drivers/STM32H7xx_HAL_Driver/Src/stm32h7xx_hal_tim.o
                0x0000000008003a80                HAL_TIM_ConfigClockSource
 .text.TIM_Base_SetConfig
                0x0000000008003c20      0x134 Drivers/STM32H7xx_HAL_Driver/Src/stm32h7xx_hal_tim.o
                0x0000000008003c20                TIM_Base_SetConfig
 .text.TIM_TI1_ConfigInputStage
                0x0000000008003d54       0x5e Drivers/STM32H7xx_HAL_Driver/Src/stm32h7xx_hal_tim.o
 .text.TIM_TI2_ConfigInputStage
                0x0000000008003db2       0x60 Drivers/STM32H7xx_HAL_Driver/Src/stm32h7xx_hal_tim.o
 *fill*         0x0000000008003e12        0x2 
 .text.TIM_ITRx_SetConfig
                0x0000000008003e14       0x3c Drivers/STM32H7xx_HAL_Driver/Src/stm32h7xx_hal_tim.o
 .text.TIM_ETR_SetConfig
                0x0000000008003e50       0x40 Drivers/STM32H7xx_HAL_Driver/Src/stm32h7xx_hal_tim.o
                0x0000000008003e50                TIM_ETR_SetConfig
 .text.HAL_TIMEx_MasterConfigSynchronization
                0x0000000008003e90      0x110 Drivers/STM32H7xx_HAL_Driver/Src/stm32h7xx_hal_tim_ex.o
                0x0000000008003e90                HAL_TIMEx_MasterConfigSynchronization
 .text.HAL_UART_Init
                0x0000000008003fa0       0xa0 Drivers/STM32H7xx_HAL_Driver/Src/stm32h7xx_hal_uart.o
                0x0000000008003fa0                HAL_UART_Init
 .text.HAL_UART_Transmit
                0x0000000008004040      0x12c Drivers/STM32H7xx_HAL_Driver/Src/stm32h7xx_hal_uart.o
                0x0000000008004040                HAL_UART_Transmit
 .text.HAL_UART_Receive
                0x000000000800416c      0x1a0 Drivers/STM32H7xx_HAL_Driver/Src/stm32h7xx_hal_uart.o
                0x000000000800416c                HAL_UART_Receive
 *fill*         0x000000000800430c        0x4 
 .text.UART_SetConfig
                0x0000000008004310     0x22fc Drivers/STM32H7xx_HAL_Driver/Src/stm32h7xx_hal_uart.o
                0x0000000008004310                UART_SetConfig
 .text.UART_AdvFeatureConfig
                0x000000000800660c      0x144 Drivers/STM32H7xx_HAL_Driver/Src/stm32h7xx_hal_uart.o
                0x000000000800660c                UART_AdvFeatureConfig
 .text.UART_CheckIdleState
                0x0000000008006750       0x90 Drivers/STM32H7xx_HAL_Driver/Src/stm32h7xx_hal_uart.o
                0x0000000008006750                UART_CheckIdleState
 .text.UART_WaitOnFlagUntilTimeout
                0x00000000080067e0      0x100 Drivers/STM32H7xx_HAL_Driver/Src/stm32h7xx_hal_uart.o
                0x00000000080067e0                UART_WaitOnFlagUntilTimeout
 .text.HAL_UARTEx_DisableFifoMode
                0x00000000080068e0       0x72 Drivers/STM32H7xx_HAL_Driver/Src/stm32h7xx_hal_uart_ex.o
                0x00000000080068e0                HAL_UARTEx_DisableFifoMode
 .text.HAL_UARTEx_SetTxFifoThreshold
                0x0000000008006952       0x7c Drivers/STM32H7xx_HAL_Driver/Src/stm32h7xx_hal_uart_ex.o
                0x0000000008006952                HAL_UARTEx_SetTxFifoThreshold
 .text.HAL_UARTEx_SetRxFifoThreshold
                0x00000000080069ce       0x7c Drivers/STM32H7xx_HAL_Driver/Src/stm32h7xx_hal_uart_ex.o
                0x00000000080069ce                HAL_UARTEx_SetRxFifoThreshold
 *fill*         0x0000000008006a4a        0x2 
 .text.UARTEx_SetNbDataToProcess
                0x0000000008006a4c       0xd0 Drivers/STM32H7xx_HAL_Driver/Src/stm32h7xx_hal_uart_ex.o
 .text.__libc_init_array
                0x0000000008006b1c       0x48 c:/st/stm32cubeide_1.3.0/stm32cubeide/plugins/com.st.stm32cube.ide.mcu.externaltools.gnu-tools-for-stm32.7-2018-q2-update.win32_1.0.0.201904181610/tools/bin/../lib/gcc/arm-none-eabi/7.3.1/../../../../arm-none-eabi/lib/thumb/v7e-m/fpv5/hard\libc_nano.a(lib_a-init.o)
                0x0000000008006b1c                __libc_init_array
 .text.memset   0x0000000008006b64       0x10 c:/st/stm32cubeide_1.3.0/stm32cubeide/plugins/com.st.stm32cube.ide.mcu.externaltools.gnu-tools-for-stm32.7-2018-q2-update.win32_1.0.0.201904181610/tools/bin/../lib/gcc/arm-none-eabi/7.3.1/../../../../arm-none-eabi/lib/thumb/v7e-m/fpv5/hard\libc_nano.a(lib_a-memset.o)
                0x0000000008006b64                memset
 *(.glue_7)
 .glue_7        0x0000000008006b74        0x0 linker stubs
 *(.glue_7t)
 .glue_7t       0x0000000008006b74        0x0 linker stubs
 *(.eh_frame)
 .eh_frame      0x0000000008006b74        0x0 c:/st/stm32cubeide_1.3.0/stm32cubeide/plugins/com.st.stm32cube.ide.mcu.externaltools.gnu-tools-for-stm32.7-2018-q2-update.win32_1.0.0.201904181610/tools/bin/../lib/gcc/arm-none-eabi/7.3.1/thumb/v7e-m/fpv5/hard/crtbegin.o
 *(.init)
 .init          0x0000000008006b74        0x4 c:/st/stm32cubeide_1.3.0/stm32cubeide/plugins/com.st.stm32cube.ide.mcu.externaltools.gnu-tools-for-stm32.7-2018-q2-update.win32_1.0.0.201904181610/tools/bin/../lib/gcc/arm-none-eabi/7.3.1/thumb/v7e-m/fpv5/hard/crti.o
                0x0000000008006b74                _init
 .init          0x0000000008006b78        0x8 c:/st/stm32cubeide_1.3.0/stm32cubeide/plugins/com.st.stm32cube.ide.mcu.externaltools.gnu-tools-for-stm32.7-2018-q2-update.win32_1.0.0.201904181610/tools/bin/../lib/gcc/arm-none-eabi/7.3.1/thumb/v7e-m/fpv5/hard/crtn.o
 *(.fini)
 .fini          0x0000000008006b80        0x4 c:/st/stm32cubeide_1.3.0/stm32cubeide/plugins/com.st.stm32cube.ide.mcu.externaltools.gnu-tools-for-stm32.7-2018-q2-update.win32_1.0.0.201904181610/tools/bin/../lib/gcc/arm-none-eabi/7.3.1/thumb/v7e-m/fpv5/hard/crti.o
                0x0000000008006b80                _fini
 .fini          0x0000000008006b84        0x8 c:/st/stm32cubeide_1.3.0/stm32cubeide/plugins/com.st.stm32cube.ide.mcu.externaltools.gnu-tools-for-stm32.7-2018-q2-update.win32_1.0.0.201904181610/tools/bin/../lib/gcc/arm-none-eabi/7.3.1/thumb/v7e-m/fpv5/hard/crtn.o
                0x0000000008006b8c                . = ALIGN (0x4)
                0x0000000008006b8c                _etext = .

.vfp11_veneer   0x0000000008006b8c        0x0
 .vfp11_veneer  0x0000000008006b8c        0x0 linker stubs

.v4_bx          0x0000000008006b8c        0x0
 .v4_bx         0x0000000008006b8c        0x0 linker stubs

.iplt           0x0000000008006b8c        0x0
 .iplt          0x0000000008006b8c        0x0 c:/st/stm32cubeide_1.3.0/stm32cubeide/plugins/com.st.stm32cube.ide.mcu.externaltools.gnu-tools-for-stm32.7-2018-q2-update.win32_1.0.0.201904181610/tools/bin/../lib/gcc/arm-none-eabi/7.3.1/thumb/v7e-m/fpv5/hard/crtbegin.o

.rodata         0x0000000008006b8c       0x24
                0x0000000008006b8c                . = ALIGN (0x4)
 *(.rodata)
 .rodata        0x0000000008006b8c        0x2 Core/Src/main.o
 *fill*         0x0000000008006b8e        0x2 
 .rodata        0x0000000008006b90       0x10 Drivers/STM32H7xx_HAL_Driver/Src/stm32h7xx_hal_uart_ex.o
 *(.rodata*)
 .rodata.D1CorePrescTable
                0x0000000008006ba0       0x10 Core/Src/system_stm32h7xx.o
                0x0000000008006ba0                D1CorePrescTable
                0x0000000008006bb0                . = ALIGN (0x4)

.ARM.extab      0x0000000008006bb0        0x0
                0x0000000008006bb0                . = ALIGN (0x4)
 *(.ARM.extab* .gnu.linkonce.armextab.*)
                0x0000000008006bb0                . = ALIGN (0x4)

.ARM            0x0000000008006bb0        0x8
                0x0000000008006bb0                . = ALIGN (0x4)
                0x0000000008006bb0                __exidx_start = .
 *(.ARM.exidx*)
 .ARM.exidx     0x0000000008006bb0        0x8 c:/st/stm32cubeide_1.3.0/stm32cubeide/plugins/com.st.stm32cube.ide.mcu.externaltools.gnu-tools-for-stm32.7-2018-q2-update.win32_1.0.0.201904181610/tools/bin/../lib/gcc/arm-none-eabi/7.3.1/thumb/v7e-m/fpv5/hard\libgcc.a(_udivmoddi4.o)
                0x0000000008006bb8                __exidx_end = .
                0x0000000008006bb8                . = ALIGN (0x4)

.rel.dyn        0x0000000008006bb8        0x0
 .rel.iplt      0x0000000008006bb8        0x0 c:/st/stm32cubeide_1.3.0/stm32cubeide/plugins/com.st.stm32cube.ide.mcu.externaltools.gnu-tools-for-stm32.7-2018-q2-update.win32_1.0.0.201904181610/tools/bin/../lib/gcc/arm-none-eabi/7.3.1/thumb/v7e-m/fpv5/hard/crtbegin.o

.preinit_array  0x0000000008006bb8        0x0
                0x0000000008006bb8                . = ALIGN (0x4)
                0x0000000008006bb8                PROVIDE (__preinit_array_start = .)
 *(.preinit_array*)
                0x0000000008006bb8                PROVIDE (__preinit_array_end = .)
                0x0000000008006bb8                . = ALIGN (0x4)

.init_array     0x0000000008006bb8        0x4
                0x0000000008006bb8                . = ALIGN (0x4)
                0x0000000008006bb8                PROVIDE (__init_array_start = .)
 *(SORT_BY_NAME(.init_array.*))
 *(.init_array*)
 .init_array    0x0000000008006bb8        0x4 c:/st/stm32cubeide_1.3.0/stm32cubeide/plugins/com.st.stm32cube.ide.mcu.externaltools.gnu-tools-for-stm32.7-2018-q2-update.win32_1.0.0.201904181610/tools/bin/../lib/gcc/arm-none-eabi/7.3.1/thumb/v7e-m/fpv5/hard/crtbegin.o
                0x0000000008006bbc                PROVIDE (__init_array_end = .)
                0x0000000008006bbc                . = ALIGN (0x4)

.fini_array     0x0000000008006bbc        0x4
                0x0000000008006bbc                . = ALIGN (0x4)
                [!provide]                        PROVIDE (__fini_array_start = .)
 *(SORT_BY_NAME(.fini_array.*))
 *(.fini_array*)
 .fini_array    0x0000000008006bbc        0x4 c:/st/stm32cubeide_1.3.0/stm32cubeide/plugins/com.st.stm32cube.ide.mcu.externaltools.gnu-tools-for-stm32.7-2018-q2-update.win32_1.0.0.201904181610/tools/bin/../lib/gcc/arm-none-eabi/7.3.1/thumb/v7e-m/fpv5/hard/crtbegin.o
                [!provide]                        PROVIDE (__fini_array_end = .)
                0x0000000008006bc0                . = ALIGN (0x4)
                0x0000000008006bc0                _sidata = LOADADDR (.data)

.data           0x0000000024000000       0x10 load address 0x0000000008006bc0
                0x0000000024000000                . = ALIGN (0x4)
                0x0000000024000000                _sdata = .
 *(.data)
 *(.data*)
 .data.SystemCoreClock
                0x0000000024000000        0x4 Core/Src/system_stm32h7xx.o
                0x0000000024000000                SystemCoreClock
 .data.SystemD2Clock
                0x0000000024000004        0x4 Core/Src/system_stm32h7xx.o
                0x0000000024000004                SystemD2Clock
 .data.uwTickPrio
                0x0000000024000008        0x4 Drivers/STM32H7xx_HAL_Driver/Src/stm32h7xx_hal.o
                0x0000000024000008                uwTickPrio
 .data.uwTickFreq
                0x000000002400000c        0x1 Drivers/STM32H7xx_HAL_Driver/Src/stm32h7xx_hal.o
                0x000000002400000c                uwTickFreq
                0x0000000024000010                . = ALIGN (0x4)
 *fill*         0x000000002400000d        0x3 
                0x0000000024000010                _edata = .

.igot.plt       0x0000000024000010        0x0 load address 0x0000000008006bd0
 .igot.plt      0x0000000024000010        0x0 c:/st/stm32cubeide_1.3.0/stm32cubeide/plugins/com.st.stm32cube.ide.mcu.externaltools.gnu-tools-for-stm32.7-2018-q2-update.win32_1.0.0.201904181610/tools/bin/../lib/gcc/arm-none-eabi/7.3.1/thumb/v7e-m/fpv5/hard/crtbegin.o
                0x0000000024000010                . = ALIGN (0x4)

.bss            0x0000000024000010       0xec load address 0x0000000008006bd0
                0x0000000024000010                _sbss = .
                0x0000000024000010                __bss_start__ = _sbss
 *(.bss)
 .bss           0x0000000024000010       0x1c c:/st/stm32cubeide_1.3.0/stm32cubeide/plugins/com.st.stm32cube.ide.mcu.externaltools.gnu-tools-for-stm32.7-2018-q2-update.win32_1.0.0.201904181610/tools/bin/../lib/gcc/arm-none-eabi/7.3.1/thumb/v7e-m/fpv5/hard/crtbegin.o
 *(.bss*)
 *(COMMON)
 COMMON         0x000000002400002c       0xcc Core/Src/main.o
                0x000000002400002c                huart1
                0x00000000240000b8                htim1
 COMMON         0x00000000240000f8        0x4 Drivers/STM32H7xx_HAL_Driver/Src/stm32h7xx_hal.o
                0x00000000240000f8                uwTick
                0x00000000240000fc                . = ALIGN (0x4)
                0x00000000240000fc                _ebss = .
                0x00000000240000fc                __bss_end__ = _ebss

._user_heap_stack
                0x00000000240000fc      0x604 load address 0x0000000008006bd0
                0x0000000024000100                . = ALIGN (0x8)
 *fill*         0x00000000240000fc        0x4 
                0x0000000024000100                PROVIDE (end = .)
                [!provide]                        PROVIDE (_end = .)
                0x0000000024000300                . = (. + _Min_Heap_Size)
 *fill*         0x0000000024000100      0x200 
                0x0000000024000700                . = (. + _Min_Stack_Size)
 *fill*         0x0000000024000300      0x400 
                0x0000000024000700                . = ALIGN (0x8)

/DISCARD/
 libc.a(*)
 libm.a(*)
 libgcc.a(*)

.ARM.attributes
                0x0000000000000000       0x2e
 *(.ARM.attributes)
 .ARM.attributes
                0x0000000000000000       0x20 c:/st/stm32cubeide_1.3.0/stm32cubeide/plugins/com.st.stm32cube.ide.mcu.externaltools.gnu-tools-for-stm32.7-2018-q2-update.win32_1.0.0.201904181610/tools/bin/../lib/gcc/arm-none-eabi/7.3.1/thumb/v7e-m/fpv5/hard/crti.o
 .ARM.attributes
                0x0000000000000020       0x32 c:/st/stm32cubeide_1.3.0/stm32cubeide/plugins/com.st.stm32cube.ide.mcu.externaltools.gnu-tools-for-stm32.7-2018-q2-update.win32_1.0.0.201904181610/tools/bin/../lib/gcc/arm-none-eabi/7.3.1/thumb/v7e-m/fpv5/hard/crtbegin.o
 .ARM.attributes
                0x0000000000000052       0x37 Core/Src/main.o
 .ARM.attributes
                0x0000000000000089       0x37 Core/Src/stm32h7xx_hal_msp.o
 .ARM.attributes
                0x00000000000000c0       0x37 Core/Src/stm32h7xx_it.o
 .ARM.attributes
                0x00000000000000f7       0x37 Core/Src/system_stm32h7xx.o
 .ARM.attributes
                0x000000000000012e       0x21 Core/Startup/startup_stm32h743zitx.o
 .ARM.attributes
                0x000000000000014f       0x37 Drivers/STM32H7xx_HAL_Driver/Src/stm32h7xx_hal.o
 .ARM.attributes
                0x0000000000000186       0x37 Drivers/STM32H7xx_HAL_Driver/Src/stm32h7xx_hal_cortex.o
 .ARM.attributes
                0x00000000000001bd       0x37 Drivers/STM32H7xx_HAL_Driver/Src/stm32h7xx_hal_gpio.o
 .ARM.attributes
                0x00000000000001f4       0x37 Drivers/STM32H7xx_HAL_Driver/Src/stm32h7xx_hal_pwr_ex.o
 .ARM.attributes
                0x000000000000022b       0x37 Drivers/STM32H7xx_HAL_Driver/Src/stm32h7xx_hal_rcc.o
 .ARM.attributes
                0x0000000000000262       0x37 Drivers/STM32H7xx_HAL_Driver/Src/stm32h7xx_hal_rcc_ex.o
 .ARM.attributes
                0x0000000000000299       0x37 Drivers/STM32H7xx_HAL_Driver/Src/stm32h7xx_hal_tim.o
 .ARM.attributes
                0x00000000000002d0       0x37 Drivers/STM32H7xx_HAL_Driver/Src/stm32h7xx_hal_tim_ex.o
 .ARM.attributes
                0x0000000000000307       0x37 Drivers/STM32H7xx_HAL_Driver/Src/stm32h7xx_hal_uart.o
 .ARM.attributes
                0x000000000000033e       0x37 Drivers/STM32H7xx_HAL_Driver/Src/stm32h7xx_hal_uart_ex.o
 .ARM.attributes
                0x0000000000000375       0x32 c:/st/stm32cubeide_1.3.0/stm32cubeide/plugins/com.st.stm32cube.ide.mcu.externaltools.gnu-tools-for-stm32.7-2018-q2-update.win32_1.0.0.201904181610/tools/bin/../lib/gcc/arm-none-eabi/7.3.1/../../../../arm-none-eabi/lib/thumb/v7e-m/fpv5/hard\libc_nano.a(lib_a-init.o)
 .ARM.attributes
                0x00000000000003a7       0x32 c:/st/stm32cubeide_1.3.0/stm32cubeide/plugins/com.st.stm32cube.ide.mcu.externaltools.gnu-tools-for-stm32.7-2018-q2-update.win32_1.0.0.201904181610/tools/bin/../lib/gcc/arm-none-eabi/7.3.1/../../../../arm-none-eabi/lib/thumb/v7e-m/fpv5/hard\libc_nano.a(lib_a-memset.o)
 .ARM.attributes
                0x00000000000003d9       0x19 c:/st/stm32cubeide_1.3.0/stm32cubeide/plugins/com.st.stm32cube.ide.mcu.externaltools.gnu-tools-for-stm32.7-2018-q2-update.win32_1.0.0.201904181610/tools/bin/../lib/gcc/arm-none-eabi/7.3.1/../../../../arm-none-eabi/lib/thumb/v7e-m/fpv5/hard\libc_nano.a(lib_a-strlen.o)
 .ARM.attributes
                0x00000000000003f2       0x20 c:/st/stm32cubeide_1.3.0/stm32cubeide/plugins/com.st.stm32cube.ide.mcu.externaltools.gnu-tools-for-stm32.7-2018-q2-update.win32_1.0.0.201904181610/tools/bin/../lib/gcc/arm-none-eabi/7.3.1/thumb/v7e-m/fpv5/hard\libgcc.a(_aeabi_uldivmod.o)
 .ARM.attributes
                0x0000000000000412       0x32 c:/st/stm32cubeide_1.3.0/stm32cubeide/plugins/com.st.stm32cube.ide.mcu.externaltools.gnu-tools-for-stm32.7-2018-q2-update.win32_1.0.0.201904181610/tools/bin/../lib/gcc/arm-none-eabi/7.3.1/thumb/v7e-m/fpv5/hard\libgcc.a(_udivmoddi4.o)
 .ARM.attributes
                0x0000000000000444       0x20 c:/st/stm32cubeide_1.3.0/stm32cubeide/plugins/com.st.stm32cube.ide.mcu.externaltools.gnu-tools-for-stm32.7-2018-q2-update.win32_1.0.0.201904181610/tools/bin/../lib/gcc/arm-none-eabi/7.3.1/thumb/v7e-m/fpv5/hard\libgcc.a(_dvmd_tls.o)
 .ARM.attributes
                0x0000000000000464       0x20 c:/st/stm32cubeide_1.3.0/stm32cubeide/plugins/com.st.stm32cube.ide.mcu.externaltools.gnu-tools-for-stm32.7-2018-q2-update.win32_1.0.0.201904181610/tools/bin/../lib/gcc/arm-none-eabi/7.3.1/thumb/v7e-m/fpv5/hard/crtn.o
OUTPUT(Console print.elf elf32-littlearm)

.debug_info     0x0000000000000000    0x179f0
 .debug_info    0x0000000000000000     0x21c7 Core/Src/main.o
 .debug_info    0x00000000000021c7     0x18ea Core/Src/stm32h7xx_hal_msp.o
 .debug_info    0x0000000000003ab1      0xb36 Core/Src/stm32h7xx_it.o
 .debug_info    0x00000000000045e7     0x1331 Core/Src/system_stm32h7xx.o
 .debug_info    0x0000000000005918       0x22 Core/Startup/startup_stm32h743zitx.o
 .debug_info    0x000000000000593a     0x1e00 Drivers/STM32H7xx_HAL_Driver/Src/stm32h7xx_hal.o
 .debug_info    0x000000000000773a     0x1a74 Drivers/STM32H7xx_HAL_Driver/Src/stm32h7xx_hal_cortex.o
 .debug_info    0x00000000000091ae     0x1640 Drivers/STM32H7xx_HAL_Driver/Src/stm32h7xx_hal_gpio.o
 .debug_info    0x000000000000a7ee     0x1915 Drivers/STM32H7xx_HAL_Driver/Src/stm32h7xx_hal_pwr_ex.o
 .debug_info    0x000000000000c103     0x17a1 Drivers/STM32H7xx_HAL_Driver/Src/stm32h7xx_hal_rcc.o
 .debug_info    0x000000000000d8a4     0x1af9 Drivers/STM32H7xx_HAL_Driver/Src/stm32h7xx_hal_rcc_ex.o
 .debug_info    0x000000000000f39d     0x3050 Drivers/STM32H7xx_HAL_Driver/Src/stm32h7xx_hal_tim.o
 .debug_info    0x00000000000123ed     0x1d08 Drivers/STM32H7xx_HAL_Driver/Src/stm32h7xx_hal_tim_ex.o
 .debug_info    0x00000000000140f5     0x2478 Drivers/STM32H7xx_HAL_Driver/Src/stm32h7xx_hal_uart.o
 .debug_info    0x000000000001656d     0x1483 Drivers/STM32H7xx_HAL_Driver/Src/stm32h7xx_hal_uart_ex.o

.debug_abbrev   0x0000000000000000     0x25ab
 .debug_abbrev  0x0000000000000000      0x2f0 Core/Src/main.o
 .debug_abbrev  0x00000000000002f0      0x251 Core/Src/stm32h7xx_hal_msp.o
 .debug_abbrev  0x0000000000000541      0x1c9 Core/Src/stm32h7xx_it.o
 .debug_abbrev  0x000000000000070a      0x21f Core/Src/system_stm32h7xx.o
 .debug_abbrev  0x0000000000000929       0x12 Core/Startup/startup_stm32h743zitx.o
 .debug_abbrev  0x000000000000093b      0x2d9 Drivers/STM32H7xx_HAL_Driver/Src/stm32h7xx_hal.o
 .debug_abbrev  0x0000000000000c14      0x3b5 Drivers/STM32H7xx_HAL_Driver/Src/stm32h7xx_hal_cortex.o
 .debug_abbrev  0x0000000000000fc9      0x28f Drivers/STM32H7xx_HAL_Driver/Src/stm32h7xx_hal_gpio.o
 .debug_abbrev  0x0000000000001258      0x311 Drivers/STM32H7xx_HAL_Driver/Src/stm32h7xx_hal_pwr_ex.o
 .debug_abbrev  0x0000000000001569      0x2e2 Drivers/STM32H7xx_HAL_Driver/Src/stm32h7xx_hal_rcc.o
 .debug_abbrev  0x000000000000184b      0x2db Drivers/STM32H7xx_HAL_Driver/Src/stm32h7xx_hal_rcc_ex.o
 .debug_abbrev  0x0000000000001b26      0x2bd Drivers/STM32H7xx_HAL_Driver/Src/stm32h7xx_hal_tim.o
 .debug_abbrev  0x0000000000001de3      0x2ab Drivers/STM32H7xx_HAL_Driver/Src/stm32h7xx_hal_tim_ex.o
 .debug_abbrev  0x000000000000208e      0x2ae Drivers/STM32H7xx_HAL_Driver/Src/stm32h7xx_hal_uart.o
 .debug_abbrev  0x000000000000233c      0x26f Drivers/STM32H7xx_HAL_Driver/Src/stm32h7xx_hal_uart_ex.o

.debug_aranges  0x0000000000000000      0xf38
 .debug_aranges
                0x0000000000000000       0x50 Core/Src/main.o
 .debug_aranges
                0x0000000000000050       0x40 Core/Src/stm32h7xx_hal_msp.o
 .debug_aranges
                0x0000000000000090       0x60 Core/Src/stm32h7xx_it.o
 .debug_aranges
                0x00000000000000f0       0x28 Core/Src/system_stm32h7xx.o
 .debug_aranges
                0x0000000000000118       0x28 Core/Startup/startup_stm32h743zitx.o
 .debug_aranges
                0x0000000000000140      0x1b8 Drivers/STM32H7xx_HAL_Driver/Src/stm32h7xx_hal.o
 .debug_aranges
                0x00000000000002f8      0x120 Drivers/STM32H7xx_HAL_Driver/Src/stm32h7xx_hal_cortex.o
 .debug_aranges
                0x0000000000000418       0x58 Drivers/STM32H7xx_HAL_Driver/Src/stm32h7xx_hal_gpio.o
 .debug_aranges
                0x0000000000000470      0x158 Drivers/STM32H7xx_HAL_Driver/Src/stm32h7xx_hal_pwr_ex.o
 .debug_aranges
                0x00000000000005c8       0x88 Drivers/STM32H7xx_HAL_Driver/Src/stm32h7xx_hal_rcc.o
 .debug_aranges
                0x0000000000000650       0xf8 Drivers/STM32H7xx_HAL_Driver/Src/stm32h7xx_hal_rcc_ex.o
 .debug_aranges
                0x0000000000000748      0x3c8 Drivers/STM32H7xx_HAL_Driver/Src/stm32h7xx_hal_tim.o
 .debug_aranges
                0x0000000000000b10      0x170 Drivers/STM32H7xx_HAL_Driver/Src/stm32h7xx_hal_tim_ex.o
 .debug_aranges
                0x0000000000000c80      0x230 Drivers/STM32H7xx_HAL_Driver/Src/stm32h7xx_hal_uart.o
 .debug_aranges
                0x0000000000000eb0       0x88 Drivers/STM32H7xx_HAL_Driver/Src/stm32h7xx_hal_uart_ex.o

.debug_ranges   0x0000000000000000      0xe50
 .debug_ranges  0x0000000000000000       0x40 Core/Src/main.o
 .debug_ranges  0x0000000000000040       0x30 Core/Src/stm32h7xx_hal_msp.o
 .debug_ranges  0x0000000000000070       0x50 Core/Src/stm32h7xx_it.o
 .debug_ranges  0x00000000000000c0       0x18 Core/Src/system_stm32h7xx.o
 .debug_ranges  0x00000000000000d8       0x20 Core/Startup/startup_stm32h743zitx.o
 .debug_ranges  0x00000000000000f8      0x1a8 Drivers/STM32H7xx_HAL_Driver/Src/stm32h7xx_hal.o
 .debug_ranges  0x00000000000002a0      0x110 Drivers/STM32H7xx_HAL_Driver/Src/stm32h7xx_hal_cortex.o
 .debug_ranges  0x00000000000003b0       0x48 Drivers/STM32H7xx_HAL_Driver/Src/stm32h7xx_hal_gpio.o
 .debug_ranges  0x00000000000003f8      0x148 Drivers/STM32H7xx_HAL_Driver/Src/stm32h7xx_hal_pwr_ex.o
 .debug_ranges  0x0000000000000540       0x78 Drivers/STM32H7xx_HAL_Driver/Src/stm32h7xx_hal_rcc.o
 .debug_ranges  0x00000000000005b8       0xe8 Drivers/STM32H7xx_HAL_Driver/Src/stm32h7xx_hal_rcc_ex.o
 .debug_ranges  0x00000000000006a0      0x3b8 Drivers/STM32H7xx_HAL_Driver/Src/stm32h7xx_hal_tim.o
 .debug_ranges  0x0000000000000a58      0x160 Drivers/STM32H7xx_HAL_Driver/Src/stm32h7xx_hal_tim_ex.o
 .debug_ranges  0x0000000000000bb8      0x220 Drivers/STM32H7xx_HAL_Driver/Src/stm32h7xx_hal_uart.o
 .debug_ranges  0x0000000000000dd8       0x78 Drivers/STM32H7xx_HAL_Driver/Src/stm32h7xx_hal_uart_ex.o

.debug_macro    0x0000000000000000    0x365aa
 .debug_macro   0x0000000000000000      0x410 Core/Src/main.o
 .debug_macro   0x0000000000000410      0xa66 Core/Src/main.o
 .debug_macro   0x0000000000000e76      0x21b Core/Src/main.o
 .debug_macro   0x0000000000001091       0x2e Core/Src/main.o
 .debug_macro   0x00000000000010bf       0x3b Core/Src/main.o
 .debug_macro   0x00000000000010fa       0x22 Core/Src/main.o
 .debug_macro   0x000000000000111c       0x8e Core/Src/main.o
 .debug_macro   0x00000000000011aa       0x51 Core/Src/main.o
 .debug_macro   0x00000000000011fb       0xef Core/Src/main.o
 .debug_macro   0x00000000000012ea       0x6a Core/Src/main.o
 .debug_macro   0x0000000000001354      0x1df Core/Src/main.o
 .debug_macro   0x0000000000001533       0x1c Core/Src/main.o
 .debug_macro   0x000000000000154f       0x22 Core/Src/main.o
 .debug_macro   0x0000000000001571       0xdf Core/Src/main.o
 .debug_macro   0x0000000000001650     0x12cd Core/Src/main.o
 .debug_macro   0x000000000000291d      0x11f Core/Src/main.o
 .debug_macro   0x0000000000002a3c       0x19 Core/Src/main.o
 .debug_macro   0x0000000000002a55    0x25393 Core/Src/main.o
 .debug_macro   0x0000000000027de8       0x43 Core/Src/main.o
 .debug_macro   0x0000000000027e2b     0x3cd3 Core/Src/main.o
 .debug_macro   0x000000000002bafe      0x174 Core/Src/main.o
 .debug_macro   0x000000000002bc72       0x46 Core/Src/main.o
 .debug_macro   0x000000000002bcb8       0x17 Core/Src/main.o
 .debug_macro   0x000000000002bccf       0x3c Core/Src/main.o
 .debug_macro   0x000000000002bd0b       0x34 Core/Src/main.o
 .debug_macro   0x000000000002bd3f       0x52 Core/Src/main.o
 .debug_macro   0x000000000002bd91       0x1f Core/Src/main.o
 .debug_macro   0x000000000002bdb0       0x43 Core/Src/main.o
 .debug_macro   0x000000000002bdf3       0x20 Core/Src/main.o
 .debug_macro   0x000000000002be13      0x1a3 Core/Src/main.o
 .debug_macro   0x000000000002bfb6      0x32a Core/Src/main.o
 .debug_macro   0x000000000002c2e0      0x1e1 Core/Src/main.o
 .debug_macro   0x000000000002c4c1       0x54 Core/Src/main.o
 .debug_macro   0x000000000002c515     0x2382 Core/Src/main.o
 .debug_macro   0x000000000002e897      0xfe6 Core/Src/main.o
 .debug_macro   0x000000000002f87d      0x138 Core/Src/main.o
 .debug_macro   0x000000000002f9b5      0x117 Core/Src/main.o
 .debug_macro   0x000000000002facc      0x394 Core/Src/main.o
 .debug_macro   0x000000000002fe60       0x27 Core/Src/main.o
 .debug_macro   0x000000000002fe87      0x72d Core/Src/main.o
 .debug_macro   0x00000000000305b4      0x229 Core/Src/main.o
 .debug_macro   0x00000000000307dd       0x66 Core/Src/main.o
 .debug_macro   0x0000000000030843      0x3ad Core/Src/main.o
 .debug_macro   0x0000000000030bf0      0x3e5 Core/Src/main.o
 .debug_macro   0x0000000000030fd5      0x275 Core/Src/main.o
 .debug_macro   0x000000000003124a      0x3cb Core/Src/main.o
 .debug_macro   0x0000000000031615      0x40f Core/Src/main.o
 .debug_macro   0x0000000000031a24       0x51 Core/Src/main.o
 .debug_macro   0x0000000000031a75       0x4a Core/Src/main.o
 .debug_macro   0x0000000000031abf      0x22c Core/Src/main.o
 .debug_macro   0x0000000000031ceb       0x58 Core/Src/main.o
 .debug_macro   0x0000000000031d43       0xa5 Core/Src/main.o
 .debug_macro   0x0000000000031de8      0x1c5 Core/Src/main.o
 .debug_macro   0x0000000000031fad      0x259 Core/Src/main.o
 .debug_macro   0x0000000000032206       0x35 Core/Src/main.o
 .debug_macro   0x000000000003223b      0xaad Core/Src/main.o
 .debug_macro   0x0000000000032ce8      0x2a0 Core/Src/main.o
 .debug_macro   0x0000000000032f88      0x662 Core/Src/main.o
 .debug_macro   0x00000000000335ea       0xa6 Core/Src/main.o
 .debug_macro   0x0000000000033690      0x58b Core/Src/main.o
 .debug_macro   0x0000000000033c1b       0x64 Core/Src/main.o
 .debug_macro   0x0000000000033c7f       0x1c Core/Src/main.o
 .debug_macro   0x0000000000033c9b       0x35 Core/Src/main.o
 .debug_macro   0x0000000000033cd0       0x10 Core/Src/main.o
 .debug_macro   0x0000000000033ce0       0x10 Core/Src/main.o
 .debug_macro   0x0000000000033cf0       0x1c Core/Src/main.o
 .debug_macro   0x0000000000033d0c       0x52 Core/Src/main.o
 .debug_macro   0x0000000000033d5e       0x40 Core/Src/main.o
 .debug_macro   0x0000000000033d9e       0x10 Core/Src/main.o
 .debug_macro   0x0000000000033dae       0x40 Core/Src/main.o
 .debug_macro   0x0000000000033dee       0xd7 Core/Src/main.o
 .debug_macro   0x0000000000033ec5       0x1c Core/Src/main.o
 .debug_macro   0x0000000000033ee1       0x3d Core/Src/main.o
 .debug_macro   0x0000000000033f1e       0x16 Core/Src/main.o
 .debug_macro   0x0000000000033f34      0x145 Core/Src/main.o
 .debug_macro   0x0000000000034079       0x16 Core/Src/main.o
 .debug_macro   0x000000000003408f       0x16 Core/Src/main.o
 .debug_macro   0x00000000000340a5       0x29 Core/Src/main.o
 .debug_macro   0x00000000000340ce       0x16 Core/Src/main.o
 .debug_macro   0x00000000000340e4       0x10 Core/Src/main.o
 .debug_macro   0x00000000000340f4       0x10 Core/Src/main.o
 .debug_macro   0x0000000000034104       0x35 Core/Src/main.o
 .debug_macro   0x0000000000034139      0x122 Core/Src/main.o
 .debug_macro   0x000000000003425b       0x16 Core/Src/main.o
 .debug_macro   0x0000000000034271       0x20 Core/Src/main.o
 .debug_macro   0x0000000000034291      0x2a9 Core/Src/stm32h7xx_hal_msp.o
 .debug_macro   0x000000000003453a      0x2b3 Core/Src/stm32h7xx_it.o
 .debug_macro   0x00000000000347ed      0x2a0 Core/Src/system_stm32h7xx.o
 .debug_macro   0x0000000000034a8d      0x2c4 Drivers/STM32H7xx_HAL_Driver/Src/stm32h7xx_hal.o
 .debug_macro   0x0000000000034d51      0x29a Drivers/STM32H7xx_HAL_Driver/Src/stm32h7xx_hal_cortex.o
 .debug_macro   0x0000000000034feb      0x2d6 Drivers/STM32H7xx_HAL_Driver/Src/stm32h7xx_hal_gpio.o
 .debug_macro   0x00000000000352c1      0x2d3 Drivers/STM32H7xx_HAL_Driver/Src/stm32h7xx_hal_pwr_ex.o
 .debug_macro   0x0000000000035594      0x2be Drivers/STM32H7xx_HAL_Driver/Src/stm32h7xx_hal_rcc.o
 .debug_macro   0x0000000000035852      0x2b8 Drivers/STM32H7xx_HAL_Driver/Src/stm32h7xx_hal_rcc_ex.o
 .debug_macro   0x0000000000035b0a      0x29b Drivers/STM32H7xx_HAL_Driver/Src/stm32h7xx_hal_tim.o
 .debug_macro   0x0000000000035da5      0x29a Drivers/STM32H7xx_HAL_Driver/Src/stm32h7xx_hal_tim_ex.o
 .debug_macro   0x000000000003603f      0x2c5 Drivers/STM32H7xx_HAL_Driver/Src/stm32h7xx_hal_uart.o
 .debug_macro   0x0000000000036304      0x2a6 Drivers/STM32H7xx_HAL_Driver/Src/stm32h7xx_hal_uart_ex.o

.debug_line     0x0000000000000000     0xca6e
 .debug_line    0x0000000000000000      0xa80 Core/Src/main.o
 .debug_line    0x0000000000000a80      0x89c Core/Src/stm32h7xx_hal_msp.o
 .debug_line    0x000000000000131c      0x8ec Core/Src/stm32h7xx_it.o
 .debug_line    0x0000000000001c08      0x88d Core/Src/system_stm32h7xx.o
 .debug_line    0x0000000000002495       0x85 Core/Startup/startup_stm32h743zitx.o
 .debug_line    0x000000000000251a      0xc46 Drivers/STM32H7xx_HAL_Driver/Src/stm32h7xx_hal.o
 .debug_line    0x0000000000003160      0xb84 Drivers/STM32H7xx_HAL_Driver/Src/stm32h7xx_hal_cortex.o
 .debug_line    0x0000000000003ce4      0xa3f Drivers/STM32H7xx_HAL_Driver/Src/stm32h7xx_hal_gpio.o
 .debug_line    0x0000000000004723      0xc1c Drivers/STM32H7xx_HAL_Driver/Src/stm32h7xx_hal_pwr_ex.o
 .debug_line    0x000000000000533f      0xbf1 Drivers/STM32H7xx_HAL_Driver/Src/stm32h7xx_hal_rcc.o
 .debug_line    0x0000000000005f30      0xe7e Drivers/STM32H7xx_HAL_Driver/Src/stm32h7xx_hal_rcc_ex.o
 .debug_line    0x0000000000006dae     0x1d24 Drivers/STM32H7xx_HAL_Driver/Src/stm32h7xx_hal_tim.o
 .debug_line    0x0000000000008ad2      0xf8e Drivers/STM32H7xx_HAL_Driver/Src/stm32h7xx_hal_tim_ex.o
 .debug_line    0x0000000000009a60     0x2557 Drivers/STM32H7xx_HAL_Driver/Src/stm32h7xx_hal_uart.o
 .debug_line    0x000000000000bfb7      0xab7 Drivers/STM32H7xx_HAL_Driver/Src/stm32h7xx_hal_uart_ex.o

.debug_str      0x0000000000000000   0x15f1ed
 .debug_str     0x0000000000000000   0x15aa01 Core/Src/main.o
                                     0x15b036 (size before relaxing)
 .debug_str     0x000000000015aa01       0x8c Core/Src/stm32h7xx_hal_msp.o
                                     0x159162 (size before relaxing)
 .debug_str     0x000000000015aa8d       0xbd Core/Src/stm32h7xx_it.o
                                     0x1587d4 (size before relaxing)
 .debug_str     0x000000000015ab4a      0x1fb Core/Src/system_stm32h7xx.o
                                     0x1589b6 (size before relaxing)
 .debug_str     0x000000000015ad45       0x36 Core/Startup/startup_stm32h743zitx.o
                                         0x79 (size before relaxing)
 .debug_str     0x000000000015ad7b      0xf9c Drivers/STM32H7xx_HAL_Driver/Src/stm32h7xx_hal.o
                                     0x159984 (size before relaxing)
 .debug_str     0x000000000015bd17      0x3a8 Drivers/STM32H7xx_HAL_Driver/Src/stm32h7xx_hal_cortex.o
                                     0x15940f (size before relaxing)
 .debug_str     0x000000000015c0bf      0x1ff Drivers/STM32H7xx_HAL_Driver/Src/stm32h7xx_hal_gpio.o
                                     0x158ba7 (size before relaxing)
 .debug_str     0x000000000015c2be      0x638 Drivers/STM32H7xx_HAL_Driver/Src/stm32h7xx_hal_pwr_ex.o
                                     0x158f5b (size before relaxing)
 .debug_str     0x000000000015c8f6      0x38c Drivers/STM32H7xx_HAL_Driver/Src/stm32h7xx_hal_rcc.o
                                     0x158e36 (size before relaxing)
 .debug_str     0x000000000015cc82      0x665 Drivers/STM32H7xx_HAL_Driver/Src/stm32h7xx_hal_rcc_ex.o
                                     0x1592e8 (size before relaxing)
 .debug_str     0x000000000015d2e7      0xd7b Drivers/STM32H7xx_HAL_Driver/Src/stm32h7xx_hal_tim.o
                                     0x1599aa (size before relaxing)
 .debug_str     0x000000000015e062      0x5b8 Drivers/STM32H7xx_HAL_Driver/Src/stm32h7xx_hal_tim_ex.o
                                     0x15929a (size before relaxing)
 .debug_str     0x000000000015e61a      0x94d Drivers/STM32H7xx_HAL_Driver/Src/stm32h7xx_hal_uart.o
                                     0x15975e (size before relaxing)
 .debug_str     0x000000000015ef67      0x286 Drivers/STM32H7xx_HAL_Driver/Src/stm32h7xx_hal_uart_ex.o
                                     0x158da6 (size before relaxing)

.comment        0x0000000000000000       0x7b
 .comment       0x0000000000000000       0x7b Core/Src/main.o
                                         0x7c (size before relaxing)
 .comment       0x000000000000007b       0x7c Core/Src/stm32h7xx_hal_msp.o
 .comment       0x000000000000007b       0x7c Core/Src/stm32h7xx_it.o
 .comment       0x000000000000007b       0x7c Core/Src/system_stm32h7xx.o
 .comment       0x000000000000007b       0x7c Drivers/STM32H7xx_HAL_Driver/Src/stm32h7xx_hal.o
 .comment       0x000000000000007b       0x7c Drivers/STM32H7xx_HAL_Driver/Src/stm32h7xx_hal_cortex.o
 .comment       0x000000000000007b       0x7c Drivers/STM32H7xx_HAL_Driver/Src/stm32h7xx_hal_gpio.o
 .comment       0x000000000000007b       0x7c Drivers/STM32H7xx_HAL_Driver/Src/stm32h7xx_hal_pwr_ex.o
 .comment       0x000000000000007b       0x7c Drivers/STM32H7xx_HAL_Driver/Src/stm32h7xx_hal_rcc.o
 .comment       0x000000000000007b       0x7c Drivers/STM32H7xx_HAL_Driver/Src/stm32h7xx_hal_rcc_ex.o
 .comment       0x000000000000007b       0x7c Drivers/STM32H7xx_HAL_Driver/Src/stm32h7xx_hal_tim.o
 .comment       0x000000000000007b       0x7c Drivers/STM32H7xx_HAL_Driver/Src/stm32h7xx_hal_tim_ex.o
 .comment       0x000000000000007b       0x7c Drivers/STM32H7xx_HAL_Driver/Src/stm32h7xx_hal_uart.o
 .comment       0x000000000000007b       0x7c Drivers/STM32H7xx_HAL_Driver/Src/stm32h7xx_hal_uart_ex.o

.debug_frame    0x0000000000000000     0x408c
 .debug_frame   0x0000000000000000      0x108 Core/Src/main.o
 .debug_frame   0x0000000000000108       0xd0 Core/Src/stm32h7xx_hal_msp.o
 .debug_frame   0x00000000000001d8      0x10c Core/Src/stm32h7xx_it.o
 .debug_frame   0x00000000000002e4       0x58 Core/Src/system_stm32h7xx.o
 .debug_frame   0x000000000000033c      0x710 Drivers/STM32H7xx_HAL_Driver/Src/stm32h7xx_hal.o
 .debug_frame   0x0000000000000a4c      0x4b8 Drivers/STM32H7xx_HAL_Driver/Src/stm32h7xx_hal_cortex.o
 .debug_frame   0x0000000000000f04      0x14c Drivers/STM32H7xx_HAL_Driver/Src/stm32h7xx_hal_gpio.o
 .debug_frame   0x0000000000001050      0x580 Drivers/STM32H7xx_HAL_Driver/Src/stm32h7xx_hal_pwr_ex.o
 .debug_frame   0x00000000000015d0      0x1f8 Drivers/STM32H7xx_HAL_Driver/Src/stm32h7xx_hal_rcc.o
 .debug_frame   0x00000000000017c8      0x3f4 Drivers/STM32H7xx_HAL_Driver/Src/stm32h7xx_hal_rcc_ex.o
 .debug_frame   0x0000000000001bbc     0x118c Drivers/STM32H7xx_HAL_Driver/Src/stm32h7xx_hal_tim.o
 .debug_frame   0x0000000000002d48      0x660 Drivers/STM32H7xx_HAL_Driver/Src/stm32h7xx_hal_tim_ex.o
 .debug_frame   0x00000000000033a8      0xa0c Drivers/STM32H7xx_HAL_Driver/Src/stm32h7xx_hal_uart.o
 .debug_frame   0x0000000000003db4      0x22c Drivers/STM32H7xx_HAL_Driver/Src/stm32h7xx_hal_uart_ex.o
 .debug_frame   0x0000000000003fe0       0x2c c:/st/stm32cubeide_1.3.0/stm32cubeide/plugins/com.st.stm32cube.ide.mcu.externaltools.gnu-tools-for-stm32.7-2018-q2-update.win32_1.0.0.201904181610/tools/bin/../lib/gcc/arm-none-eabi/7.3.1/../../../../arm-none-eabi/lib/thumb/v7e-m/fpv5/hard\libc_nano.a(lib_a-init.o)
 .debug_frame   0x000000000000400c       0x20 c:/st/stm32cubeide_1.3.0/stm32cubeide/plugins/com.st.stm32cube.ide.mcu.externaltools.gnu-tools-for-stm32.7-2018-q2-update.win32_1.0.0.201904181610/tools/bin/../lib/gcc/arm-none-eabi/7.3.1/../../../../arm-none-eabi/lib/thumb/v7e-m/fpv5/hard\libc_nano.a(lib_a-memset.o)
 .debug_frame   0x000000000000402c       0x2c c:/st/stm32cubeide_1.3.0/stm32cubeide/plugins/com.st.stm32cube.ide.mcu.externaltools.gnu-tools-for-stm32.7-2018-q2-update.win32_1.0.0.201904181610/tools/bin/../lib/gcc/arm-none-eabi/7.3.1/thumb/v7e-m/fpv5/hard\libgcc.a(_aeabi_uldivmod.o)
 .debug_frame   0x0000000000004058       0x34 c:/st/stm32cubeide_1.3.0/stm32cubeide/plugins/com.st.stm32cube.ide.mcu.externaltools.gnu-tools-for-stm32.7-2018-q2-update.win32_1.0.0.201904181610/tools/bin/../lib/gcc/arm-none-eabi/7.3.1/thumb/v7e-m/fpv5/hard\libgcc.a(_udivmoddi4.o)
