Archive member included to satisfy reference by file (symbol)

/home/mdh/st/stm32cubeide_1.3.0/plugins/com.st.stm32cube.ide.mcu.externaltools.gnu-tools-for-stm32.7-2018-q2-update.linux64_1.0.0.201904181610/tools/bin/../lib/gcc/arm-none-eabi/7.3.1/../../../../arm-none-eabi/lib/thumb/v7e-m/fpv4-sp/hard/libc_nano.a(lib_a-errno.o)
                              Core/Src/syscalls.o (__errno)
/home/mdh/st/stm32cubeide_1.3.0/plugins/com.st.stm32cube.ide.mcu.externaltools.gnu-tools-for-stm32.7-2018-q2-update.linux64_1.0.0.201904181610/tools/bin/../lib/gcc/arm-none-eabi/7.3.1/../../../../arm-none-eabi/lib/thumb/v7e-m/fpv4-sp/hard/libc_nano.a(lib_a-exit.o)
                              /home/mdh/st/stm32cubeide_1.3.0/plugins/com.st.stm32cube.ide.mcu.externaltools.gnu-tools-for-stm32.7-2018-q2-update.linux64_1.0.0.201904181610/tools/bin/../lib/gcc/arm-none-eabi/7.3.1/../../../../arm-none-eabi/lib/thumb/v7e-m/fpv4-sp/hard/crt0.o (exit)
/home/mdh/st/stm32cubeide_1.3.0/plugins/com.st.stm32cube.ide.mcu.externaltools.gnu-tools-for-stm32.7-2018-q2-update.linux64_1.0.0.201904181610/tools/bin/../lib/gcc/arm-none-eabi/7.3.1/../../../../arm-none-eabi/lib/thumb/v7e-m/fpv4-sp/hard/libc_nano.a(lib_a-impure.o)
                              /home/mdh/st/stm32cubeide_1.3.0/plugins/com.st.stm32cube.ide.mcu.externaltools.gnu-tools-for-stm32.7-2018-q2-update.linux64_1.0.0.201904181610/tools/bin/../lib/gcc/arm-none-eabi/7.3.1/../../../../arm-none-eabi/lib/thumb/v7e-m/fpv4-sp/hard/libc_nano.a(lib_a-exit.o) (_global_impure_ptr)
/home/mdh/st/stm32cubeide_1.3.0/plugins/com.st.stm32cube.ide.mcu.externaltools.gnu-tools-for-stm32.7-2018-q2-update.linux64_1.0.0.201904181610/tools/bin/../lib/gcc/arm-none-eabi/7.3.1/../../../../arm-none-eabi/lib/thumb/v7e-m/fpv4-sp/hard/libc_nano.a(lib_a-init.o)
                              /home/mdh/st/stm32cubeide_1.3.0/plugins/com.st.stm32cube.ide.mcu.externaltools.gnu-tools-for-stm32.7-2018-q2-update.linux64_1.0.0.201904181610/tools/bin/../lib/gcc/arm-none-eabi/7.3.1/../../../../arm-none-eabi/lib/thumb/v7e-m/fpv4-sp/hard/crt0.o (__libc_init_array)
/home/mdh/st/stm32cubeide_1.3.0/plugins/com.st.stm32cube.ide.mcu.externaltools.gnu-tools-for-stm32.7-2018-q2-update.linux64_1.0.0.201904181610/tools/bin/../lib/gcc/arm-none-eabi/7.3.1/../../../../arm-none-eabi/lib/thumb/v7e-m/fpv4-sp/hard/libc_nano.a(lib_a-memset.o)
                              /home/mdh/st/stm32cubeide_1.3.0/plugins/com.st.stm32cube.ide.mcu.externaltools.gnu-tools-for-stm32.7-2018-q2-update.linux64_1.0.0.201904181610/tools/bin/../lib/gcc/arm-none-eabi/7.3.1/../../../../arm-none-eabi/lib/thumb/v7e-m/fpv4-sp/hard/crt0.o (memset)
/home/mdh/st/stm32cubeide_1.3.0/plugins/com.st.stm32cube.ide.mcu.externaltools.gnu-tools-for-stm32.7-2018-q2-update.linux64_1.0.0.201904181610/tools/bin/../lib/gcc/arm-none-eabi/7.3.1/../../../../arm-none-eabi/lib/thumb/v7e-m/fpv4-sp/hard/libc_nano.a(lib_a-strlen.o)
                              Core/Src/main.o (strlen)
/home/mdh/st/stm32cubeide_1.3.0/plugins/com.st.stm32cube.ide.mcu.externaltools.gnu-tools-for-stm32.7-2018-q2-update.linux64_1.0.0.201904181610/tools/bin/../lib/gcc/arm-none-eabi/7.3.1/thumb/v7e-m/fpv4-sp/hard/libgcc.a(_aeabi_uldivmod.o)
                              Drivers/STM32L4xx_HAL_Driver/Src/stm32l4xx_hal_uart.o (__aeabi_uldivmod)
/home/mdh/st/stm32cubeide_1.3.0/plugins/com.st.stm32cube.ide.mcu.externaltools.gnu-tools-for-stm32.7-2018-q2-update.linux64_1.0.0.201904181610/tools/bin/../lib/gcc/arm-none-eabi/7.3.1/thumb/v7e-m/fpv4-sp/hard/libgcc.a(_udivmoddi4.o)
                              /home/mdh/st/stm32cubeide_1.3.0/plugins/com.st.stm32cube.ide.mcu.externaltools.gnu-tools-for-stm32.7-2018-q2-update.linux64_1.0.0.201904181610/tools/bin/../lib/gcc/arm-none-eabi/7.3.1/thumb/v7e-m/fpv4-sp/hard/libgcc.a(_aeabi_uldivmod.o) (__udivmoddi4)
/home/mdh/st/stm32cubeide_1.3.0/plugins/com.st.stm32cube.ide.mcu.externaltools.gnu-tools-for-stm32.7-2018-q2-update.linux64_1.0.0.201904181610/tools/bin/../lib/gcc/arm-none-eabi/7.3.1/thumb/v7e-m/fpv4-sp/hard/libgcc.a(_dvmd_tls.o)
                              /home/mdh/st/stm32cubeide_1.3.0/plugins/com.st.stm32cube.ide.mcu.externaltools.gnu-tools-for-stm32.7-2018-q2-update.linux64_1.0.0.201904181610/tools/bin/../lib/gcc/arm-none-eabi/7.3.1/thumb/v7e-m/fpv4-sp/hard/libgcc.a(_aeabi_uldivmod.o) (__aeabi_ldiv0)

Allocating common symbols
Common symbol       size              file

hi2c1               0x4c              Core/Src/i2c.o
TxMailBox           0x4               Core/Src/main.o
msg                 0x8               Core/Src/stm32l4xx_it.o
uwTick              0x4               Drivers/STM32L4xx_HAL_Driver/Src/stm32l4xx_hal.o
state               0x1               Core/Src/main.o
r                   0x1               Core/Src/main.o
htim1               0x40              Core/Src/tim.o
retval              0x1               Core/Src/main.o
huart2              0x80              Core/Src/usart.o
hcan1               0x28              Core/Src/can.o
[...]
Memory Configuration

Name             Origin             Length             Attributes
RAM              0x0000000020000000 0x0000000000018000 xrw
RAM2             0x0000000010000000 0x0000000000008000 xrw
FLASH            0x0000000008000000 0x0000000000100000 xr
*default*        0x0000000000000000 0xffffffffffffffff

Linker script and memory map

LOAD /home/mdh/st/stm32cubeide_1.3.0/plugins/com.st.stm32cube.ide.mcu.externaltools.gnu-tools-for-stm32.7-2018-q2-update.linux64_1.0.0.201904181610/tools/bin/../lib/gcc/arm-none-eabi/7.3.1/thumb/v7e-m/fpv4-sp/hard/crti.o
LOAD /home/mdh/st/stm32cubeide_1.3.0/plugins/com.st.stm32cube.ide.mcu.externaltools.gnu-tools-for-stm32.7-2018-q2-update.linux64_1.0.0.201904181610/tools/bin/../lib/gcc/arm-none-eabi/7.3.1/thumb/v7e-m/fpv4-sp/hard/crtbegin.o
LOAD /home/mdh/st/stm32cubeide_1.3.0/plugins/com.st.stm32cube.ide.mcu.externaltools.gnu-tools-for-stm32.7-2018-q2-update.linux64_1.0.0.201904181610/tools/bin/../lib/gcc/arm-none-eabi/7.3.1/../../../../arm-none-eabi/lib/thumb/v7e-m/fpv4-sp/hard/crt0.o
LOAD Core/Src/can.o
LOAD Core/Src/gpio.o
LOAD Core/Src/i2c-lcd.o
LOAD Core/Src/i2c.o
LOAD Core/Src/main.o
LOAD Core/Src/stm32l4xx_hal_msp.o
LOAD Core/Src/stm32l4xx_it.o
LOAD Core/Src/syscalls.o
LOAD Core/Src/sysmem.o
LOAD Core/Src/system_stm32l4xx.o
LOAD Core/Src/tim.o
LOAD Core/Src/usart.o
LOAD Core/Startup/startup_stm32l476rgtx.o
LOAD Drivers/STM32L4xx_HAL_Driver/Src/stm32l4xx_hal.o
LOAD Drivers/STM32L4xx_HAL_Driver/Src/stm32l4xx_hal_can.o
LOAD Drivers/STM32L4xx_HAL_Driver/Src/stm32l4xx_hal_cortex.o
LOAD Drivers/STM32L4xx_HAL_Driver/Src/stm32l4xx_hal_dma.o
LOAD Drivers/STM32L4xx_HAL_Driver/Src/stm32l4xx_hal_dma_ex.o
LOAD Drivers/STM32L4xx_HAL_Driver/Src/stm32l4xx_hal_exti.o
LOAD Drivers/STM32L4xx_HAL_Driver/Src/stm32l4xx_hal_flash.o
LOAD Drivers/STM32L4xx_HAL_Driver/Src/stm32l4xx_hal_flash_ex.o
LOAD Drivers/STM32L4xx_HAL_Driver/Src/stm32l4xx_hal_flash_ramfunc.o
LOAD Drivers/STM32L4xx_HAL_Driver/Src/stm32l4xx_hal_gpio.o
LOAD Drivers/STM32L4xx_HAL_Driver/Src/stm32l4xx_hal_i2c.o
LOAD Drivers/STM32L4xx_HAL_Driver/Src/stm32l4xx_hal_i2c_ex.o
LOAD Drivers/STM32L4xx_HAL_Driver/Src/stm32l4xx_hal_pwr.o
LOAD Drivers/STM32L4xx_HAL_Driver/Src/stm32l4xx_hal_pwr_ex.o
LOAD Drivers/STM32L4xx_HAL_Driver/Src/stm32l4xx_hal_rcc.o
LOAD Drivers/STM32L4xx_HAL_Driver/Src/stm32l4xx_hal_rcc_ex.o
LOAD Drivers/STM32L4xx_HAL_Driver/Src/stm32l4xx_hal_tim.o
LOAD Drivers/STM32L4xx_HAL_Driver/Src/stm32l4xx_hal_tim_ex.o
LOAD Drivers/STM32L4xx_HAL_Driver/Src/stm32l4xx_hal_uart.o
LOAD Drivers/STM32L4xx_HAL_Driver/Src/stm32l4xx_hal_uart_ex.o
START GROUP
LOAD /home/mdh/st/stm32cubeide_1.3.0/plugins/com.st.stm32cube.ide.mcu.externaltools.gnu-tools-for-stm32.7-2018-q2-update.linux64_1.0.0.201904181610/tools/bin/../lib/gcc/arm-none-eabi/7.3.1/../../../../arm-none-eabi/lib/thumb/v7e-m/fpv4-sp/hard/libc_nano.a
LOAD /home/mdh/st/stm32cubeide_1.3.0/plugins/com.st.stm32cube.ide.mcu.externaltools.gnu-tools-for-stm32.7-2018-q2-update.linux64_1.0.0.201904181610/tools/bin/../lib/gcc/arm-none-eabi/7.3.1/../../../../arm-none-eabi/lib/thumb/v7e-m/fpv4-sp/hard/libm.a
END GROUP
START GROUP
LOAD /home/mdh/st/stm32cubeide_1.3.0/plugins/com.st.stm32cube.ide.mcu.externaltools.gnu-tools-for-stm32.7-2018-q2-update.linux64_1.0.0.201904181610/tools/bin/../lib/gcc/arm-none-eabi/7.3.1/thumb/v7e-m/fpv4-sp/hard/libgcc.a
LOAD /home/mdh/st/stm32cubeide_1.3.0/plugins/com.st.stm32cube.ide.mcu.externaltools.gnu-tools-for-stm32.7-2018-q2-update.linux64_1.0.0.201904181610/tools/bin/../lib/gcc/arm-none-eabi/7.3.1/../../../../arm-none-eabi/lib/thumb/v7e-m/fpv4-sp/hard/libc_nano.a
END GROUP
START GROUP
LOAD /home/mdh/st/stm32cubeide_1.3.0/plugins/com.st.stm32cube.ide.mcu.externaltools.gnu-tools-for-stm32.7-2018-q2-update.linux64_1.0.0.201904181610/tools/bin/../lib/gcc/arm-none-eabi/7.3.1/thumb/v7e-m/fpv4-sp/hard/libgcc.a
LOAD /home/mdh/st/stm32cubeide_1.3.0/plugins/com.st.stm32cube.ide.mcu.externaltools.gnu-tools-for-stm32.7-2018-q2-update.linux64_1.0.0.201904181610/tools/bin/../lib/gcc/arm-none-eabi/7.3.1/../../../../arm-none-eabi/lib/thumb/v7e-m/fpv4-sp/hard/libc_nano.a
LOAD /home/mdh/st/stm32cubeide_1.3.0/plugins/com.st.stm32cube.ide.mcu.externaltools.gnu-tools-for-stm32.7-2018-q2-update.linux64_1.0.0.201904181610/tools/bin/../lib/gcc/arm-none-eabi/7.3.1/../../../../arm-none-eabi/lib/thumb/v7e-m/fpv4-sp/hard/libnosys.a
END GROUP
START GROUP
LOAD /home/mdh/st/stm32cubeide_1.3.0/plugins/com.st.stm32cube.ide.mcu.externaltools.gnu-tools-for-stm32.7-2018-q2-update.linux64_1.0.0.201904181610/tools/bin/../lib/gcc/arm-none-eabi/7.3.1/thumb/v7e-m/fpv4-sp/hard/libgcc.a
LOAD /home/mdh/st/stm32cubeide_1.3.0/plugins/com.st.stm32cube.ide.mcu.externaltools.gnu-tools-for-stm32.7-2018-q2-update.linux64_1.0.0.201904181610/tools/bin/../lib/gcc/arm-none-eabi/7.3.1/../../../../arm-none-eabi/lib/thumb/v7e-m/fpv4-sp/hard/libc_nano.a
LOAD /home/mdh/st/stm32cubeide_1.3.0/plugins/com.st.stm32cube.ide.mcu.externaltools.gnu-tools-for-stm32.7-2018-q2-update.linux64_1.0.0.201904181610/tools/bin/../lib/gcc/arm-none-eabi/7.3.1/../../../../arm-none-eabi/lib/thumb/v7e-m/fpv4-sp/hard/libnosys.a
END GROUP
LOAD /home/mdh/st/stm32cubeide_1.3.0/plugins/com.st.stm32cube.ide.mcu.externaltools.gnu-tools-for-stm32.7-2018-q2-update.linux64_1.0.0.201904181610/tools/bin/../lib/gcc/arm-none-eabi/7.3.1/thumb/v7e-m/fpv4-sp/hard/crtend.o
LOAD /home/mdh/st/stm32cubeide_1.3.0/plugins/com.st.stm32cube.ide.mcu.externaltools.gnu-tools-for-stm32.7-2018-q2-update.linux64_1.0.0.201904181610/tools/bin/../lib/gcc/arm-none-eabi/7.3.1/thumb/v7e-m/fpv4-sp/hard/crtn.o
                0x0000000020018000                _estack = (ORIGIN (RAM) + LENGTH (RAM))
                0x0000000000000200                _Min_Heap_Size = 0x200
                0x0000000000000400                _Min_Stack_Size = 0x400

.isr_vector     0x0000000008000000      0x188
                0x0000000008000000                . = ALIGN (0x4)
 *(.isr_vector)
 .isr_vector    0x0000000008000000      0x188 Core/Startup/startup_stm32l476rgtx.o
                0x0000000008000000                g_pfnVectors
                0x0000000008000188                . = ALIGN (0x4)

.text           0x0000000008000188     0x50d4
                0x0000000008000188                . = ALIGN (0x4)
 *(.text)
 .text          0x0000000008000188       0x40 /home/mdh/st/stm32cubeide_1.3.0/plugins/com.st.stm32cube.ide.mcu.externaltools.gnu-tools-for-stm32.7-2018-q2-update.linux64_1.0.0.201904181610/tools/bin/../lib/gcc/arm-none-eabi/7.3.1/thumb/v7e-m/fpv4-sp/hard/crtbegin.o
 .text          0x00000000080001c8       0x10 /home/mdh/st/stm32cubeide_1.3.0/plugins/com.st.stm32cube.ide.mcu.externaltools.gnu-tools-for-stm32.7-2018-q2-update.linux64_1.0.0.201904181610/tools/bin/../lib/gcc/arm-none-eabi/7.3.1/../../../../arm-none-eabi/lib/thumb/v7e-m/fpv4-sp/hard/libc_nano.a(lib_a-strlen.o)
                0x00000000080001c8                strlen
 .text          0x00000000080001d8       0x30 /home/mdh/st/stm32cubeide_1.3.0/plugins/com.st.stm32cube.ide.mcu.externaltools.gnu-tools-for-stm32.7-2018-q2-update.linux64_1.0.0.201904181610/tools/bin/../lib/gcc/arm-none-eabi/7.3.1/thumb/v7e-m/fpv4-sp/hard/libgcc.a(_aeabi_uldivmod.o)
                0x00000000080001d8                __aeabi_uldivmod
 .text          0x0000000008000208      0x2cc /home/mdh/st/stm32cubeide_1.3.0/plugins/com.st.stm32cube.ide.mcu.externaltools.gnu-tools-for-stm32.7-2018-q2-update.linux64_1.0.0.201904181610/tools/bin/../lib/gcc/arm-none-eabi/7.3.1/thumb/v7e-m/fpv4-sp/hard/libgcc.a(_udivmoddi4.o)
                0x0000000008000208                __udivmoddi4
 .text          0x00000000080004d4        0x4 /home/mdh/st/stm32cubeide_1.3.0/plugins/com.st.stm32cube.ide.mcu.externaltools.gnu-tools-for-stm32.7-2018-q2-update.linux64_1.0.0.201904181610/tools/bin/../lib/gcc/arm-none-eabi/7.3.1/thumb/v7e-m/fpv4-sp/hard/libgcc.a(_dvmd_tls.o)
                0x00000000080004d4                __aeabi_ldiv0
                0x00000000080004d4                __aeabi_idiv0
 *(.text*)
 .text.MX_CAN1_Init
                0x00000000080004d8       0x70 Core/Src/can.o
                0x00000000080004d8                MX_CAN1_Init
 .text.HAL_CAN_MspInit
                0x0000000008000548       0x98 Core/Src/can.o
                0x0000000008000548                HAL_CAN_MspInit
 .text.MX_GPIO_Init
                0x00000000080005e0       0xfc Core/Src/gpio.o
                0x00000000080005e0                MX_GPIO_Init
 .text.lcd_send_cmd
                0x00000000080006dc       0x60 Core/Src/i2c-lcd.o
                0x00000000080006dc                lcd_send_cmd
 .text.lcd_send_data
                0x000000000800073c       0x60 Core/Src/i2c-lcd.o
                0x000000000800073c                lcd_send_data
 .text.lcd_clear
                0x000000000800079c       0x2c Core/Src/i2c-lcd.o
                0x000000000800079c                lcd_clear
 .text.lcd_put_cur
                0x00000000080007c8       0x3c Core/Src/i2c-lcd.o
                0x00000000080007c8                lcd_put_cur
 .text.lcd_init
                0x0000000008000804       0x7a Core/Src/i2c-lcd.o
                0x0000000008000804                lcd_init
 .text.lcd_send_string
                0x000000000800087e       0x28 Core/Src/i2c-lcd.o
                0x000000000800087e                lcd_send_string
 *fill*         0x00000000080008a6        0x2 
 .text.MX_I2C1_Init
                0x00000000080008a8       0x80 Core/Src/i2c.o
                0x00000000080008a8                MX_I2C1_Init
 .text.HAL_I2C_MspInit
                0x0000000008000928       0x88 Core/Src/i2c.o
                0x0000000008000928                HAL_I2C_MspInit
 .text.main     0x00000000080009b0       0x8c Core/Src/main.o
                0x00000000080009b0                main
 .text.SystemClock_Config
                0x0000000008000a3c       0xee Core/Src/main.o
                0x0000000008000a3c                SystemClock_Config
 *fill*         0x0000000008000b2a        0x2 
 .text.serialMsg
                0x0000000008000b2c       0x2c Core/Src/main.o
                0x0000000008000b2c                serialMsg
 .text.serialClear
                0x0000000008000b58       0x14 Core/Src/main.o
                0x0000000008000b58                serialClear
 .text.CAN_Tx   0x0000000008000b6c       0x70 Core/Src/main.o
                0x0000000008000b6c                CAN_Tx
 .text.CAN_Rx   0x0000000008000bdc       0x68 Core/Src/main.o
                0x0000000008000bdc                CAN_Rx
 .text.CAN_filterConfig
                0x0000000008000c44       0x40 Core/Src/main.o
                0x0000000008000c44                CAN_filterConfig
 .text.Error_Handler
                0x0000000008000c84       0x14 Core/Src/main.o
                0x0000000008000c84                Error_Handler
 .text.HAL_MspInit
                0x0000000008000c98       0x48 Core/Src/stm32l4xx_hal_msp.o
                0x0000000008000c98                HAL_MspInit
 .text.NMI_Handler
                0x0000000008000ce0        0xe Core/Src/stm32l4xx_it.o
                0x0000000008000ce0                NMI_Handler
 .text.HardFault_Handler
                0x0000000008000cee        0x6 Core/Src/stm32l4xx_it.o
                0x0000000008000cee                HardFault_Handler
 .text.MemManage_Handler
                0x0000000008000cf4        0x6 Core/Src/stm32l4xx_it.o
                0x0000000008000cf4                MemManage_Handler
 .text.BusFault_Handler
                0x0000000008000cfa        0x6 Core/Src/stm32l4xx_it.o
                0x0000000008000cfa                BusFault_Handler
 .text.UsageFault_Handler
                0x0000000008000d00        0x6 Core/Src/stm32l4xx_it.o
                0x0000000008000d00                UsageFault_Handler
 .text.SVC_Handler
                0x0000000008000d06        0xe Core/Src/stm32l4xx_it.o
                0x0000000008000d06                SVC_Handler
 .text.DebugMon_Handler
                0x0000000008000d14        0xe Core/Src/stm32l4xx_it.o
                0x0000000008000d14                DebugMon_Handler
 .text.PendSV_Handler
                0x0000000008000d22        0xe Core/Src/stm32l4xx_it.o
                0x0000000008000d22                PendSV_Handler
 .text.SysTick_Handler
                0x0000000008000d30        0xc Core/Src/stm32l4xx_it.o
                0x0000000008000d30                SysTick_Handler
 .text.EXTI0_IRQHandler
                0x0000000008000d3c        0xe Core/Src/stm32l4xx_it.o
                0x0000000008000d3c                EXTI0_IRQHandler
 *fill*         0x0000000008000d4a        0x2 
 .text.CAN1_RX0_IRQHandler
                0x0000000008000d4c       0x18 Core/Src/stm32l4xx_it.o
                0x0000000008000d4c                CAN1_RX0_IRQHandler
 .text.SystemInit
                0x0000000008000d64       0x6c Core/Src/system_stm32l4xx.o
                0x0000000008000d64                SystemInit
 .text.MX_TIM1_Init
                0x0000000008000dd0       0xa8 Core/Src/tim.o
                0x0000000008000dd0                MX_TIM1_Init
 .text.HAL_TIM_Base_MspInit
                0x0000000008000e78       0x40 Core/Src/tim.o
                0x0000000008000e78                HAL_TIM_Base_MspInit
 .text.MX_USART2_UART_Init
                0x0000000008000eb8       0x60 Core/Src/usart.o
                0x0000000008000eb8                MX_USART2_UART_Init
 .text.HAL_UART_MspInit
                0x0000000008000f18       0x84 Core/Src/usart.o
                0x0000000008000f18                HAL_UART_MspInit
 .text.Reset_Handler
                0x0000000008000f9c       0x50 Core/Startup/startup_stm32l476rgtx.o
                0x0000000008000f9c                Reset_Handler
 .text.Default_Handler
                0x0000000008000fec        0x2 Core/Startup/startup_stm32l476rgtx.o
                0x0000000008000fec                RTC_Alarm_IRQHandler
                0x0000000008000fec                EXTI2_IRQHandler
                0x0000000008000fec                TIM8_TRG_COM_IRQHandler
                0x0000000008000fec                TIM8_CC_IRQHandler
                0x0000000008000fec                TIM1_CC_IRQHandler
                0x0000000008000fec                TSC_IRQHandler
                0x0000000008000fec                TAMP_STAMP_IRQHandler
                0x0000000008000fec                EXTI3_IRQHandler
                0x0000000008000fec                LPTIM2_IRQHandler
                0x0000000008000fec                DFSDM1_FLT1_IRQHandler
                0x0000000008000fec                I2C3_ER_IRQHandler
                0x0000000008000fec                DFSDM1_FLT2_IRQHandler
                0x0000000008000fec                I2C2_EV_IRQHandler
                0x0000000008000fec                FPU_IRQHandler
                0x0000000008000fec                TIM1_UP_TIM16_IRQHandler
                0x0000000008000fec                ADC1_2_IRQHandler
                0x0000000008000fec                SPI1_IRQHandler
                0x0000000008000fec                TIM6_DAC_IRQHandler
                0x0000000008000fec                TIM8_UP_IRQHandler
                0x0000000008000fec                DMA2_Channel2_IRQHandler
                0x0000000008000fec                DMA1_Channel4_IRQHandler
                0x0000000008000fec                SAI2_IRQHandler
                0x0000000008000fec                DFSDM1_FLT3_IRQHandler
                0x0000000008000fec                USART3_IRQHandler
                0x0000000008000fec                DMA1_Channel7_IRQHandler
                0x0000000008000fec                CAN1_RX1_IRQHandler
                0x0000000008000fec                LCD_IRQHandler
                0x0000000008000fec                UART5_IRQHandler
                0x0000000008000fec                ADC3_IRQHandler
                0x0000000008000fec                TIM4_IRQHandler
                0x0000000008000fec                DMA2_Channel1_IRQHandler
                0x0000000008000fec                QUADSPI_IRQHandler
                0x0000000008000fec                I2C1_EV_IRQHandler
                0x0000000008000fec                DMA1_Channel6_IRQHandler
                0x0000000008000fec                UART4_IRQHandler
                0x0000000008000fec                DMA2_Channel4_IRQHandler
                0x0000000008000fec                TIM3_IRQHandler
                0x0000000008000fec                RCC_IRQHandler
                0x0000000008000fec                DMA1_Channel1_IRQHandler
                0x0000000008000fec                Default_Handler
                0x0000000008000fec                DMA2_Channel7_IRQHandler
                0x0000000008000fec                EXTI15_10_IRQHandler
                0x0000000008000fec                TIM7_IRQHandler
                0x0000000008000fec                SDMMC1_IRQHandler
                0x0000000008000fec                TIM5_IRQHandler
                0x0000000008000fec                I2C3_EV_IRQHandler
                0x0000000008000fec                EXTI9_5_IRQHandler
                0x0000000008000fec                RTC_WKUP_IRQHandler
                0x0000000008000fec                PVD_PVM_IRQHandler
                0x0000000008000fec                SPI2_IRQHandler
                0x0000000008000fec                CAN1_TX_IRQHandler
                0x0000000008000fec                DMA2_Channel5_IRQHandler
                0x0000000008000fec                DMA1_Channel5_IRQHandler
                0x0000000008000fec                EXTI4_IRQHandler
                0x0000000008000fec                RNG_IRQHandler
                0x0000000008000fec                TIM1_TRG_COM_TIM17_IRQHandler
                0x0000000008000fec                DMA1_Channel3_IRQHandler
                0x0000000008000fec                COMP_IRQHandler
                0x0000000008000fec                WWDG_IRQHandler
                0x0000000008000fec                LPUART1_IRQHandler
                0x0000000008000fec                DMA2_Channel6_IRQHandler
                0x0000000008000fec                TIM2_IRQHandler
                0x0000000008000fec                EXTI1_IRQHandler
                0x0000000008000fec                USART2_IRQHandler
                0x0000000008000fec                DFSDM1_FLT0_IRQHandler
                0x0000000008000fec                I2C2_ER_IRQHandler
                0x0000000008000fec                DMA1_Channel2_IRQHandler
                0x0000000008000fec                TIM8_BRK_IRQHandler
                0x0000000008000fec                CAN1_SCE_IRQHandler
                0x0000000008000fec                FLASH_IRQHandler
                0x0000000008000fec                USART1_IRQHandler
                0x0000000008000fec                OTG_FS_IRQHandler
                0x0000000008000fec                SPI3_IRQHandler
                0x0000000008000fec                I2C1_ER_IRQHandler
                0x0000000008000fec                FMC_IRQHandler
                0x0000000008000fec                SWPMI1_IRQHandler
                0x0000000008000fec                LPTIM1_IRQHandler
                0x0000000008000fec                SAI1_IRQHandler
                0x0000000008000fec                DMA2_Channel3_IRQHandler
                0x0000000008000fec                TIM1_BRK_TIM15_IRQHandler
 *fill*         0x0000000008000fee        0x2 
 .text.HAL_Init
                0x0000000008000ff0       0x40 Drivers/STM32L4xx_HAL_Driver/Src/stm32l4xx_hal.o
                0x0000000008000ff0                HAL_Init
 .text.HAL_InitTick
                0x0000000008001030       0x74 Drivers/STM32L4xx_HAL_Driver/Src/stm32l4xx_hal.o
                0x0000000008001030                HAL_InitTick
 .text.HAL_IncTick
                0x00000000080010a4       0x24 Drivers/STM32L4xx_HAL_Driver/Src/stm32l4xx_hal.o
                0x00000000080010a4                HAL_IncTick
 .text.HAL_GetTick
                0x00000000080010c8       0x18 Drivers/STM32L4xx_HAL_Driver/Src/stm32l4xx_hal.o
                0x00000000080010c8                HAL_GetTick
 .text.HAL_Delay
                0x00000000080010e0       0x44 Drivers/STM32L4xx_HAL_Driver/Src/stm32l4xx_hal.o
                0x00000000080010e0                HAL_Delay
 .text.HAL_CAN_Init
                0x0000000008001124      0x1f6 Drivers/STM32L4xx_HAL_Driver/Src/stm32l4xx_hal_can.o
                0x0000000008001124                HAL_CAN_Init
 .text.HAL_CAN_ConfigFilter
                0x000000000800131a      0x194 Drivers/STM32L4xx_HAL_Driver/Src/stm32l4xx_hal_can.o
                0x000000000800131a                HAL_CAN_ConfigFilter
 .text.HAL_CAN_Start
                0x00000000080014ae       0x88 Drivers/STM32L4xx_HAL_Driver/Src/stm32l4xx_hal_can.o
                0x00000000080014ae                HAL_CAN_Start
 .text.HAL_CAN_AddTxMessage
                0x0000000008001536      0x1b6 Drivers/STM32L4xx_HAL_Driver/Src/stm32l4xx_hal_can.o
                0x0000000008001536                HAL_CAN_AddTxMessage
 .text.HAL_CAN_IsTxMessagePending
                0x00000000080016ec       0x48 Drivers/STM32L4xx_HAL_Driver/Src/stm32l4xx_hal_can.o
                0x00000000080016ec                HAL_CAN_IsTxMessagePending
 .text.HAL_CAN_GetRxMessage
                0x0000000008001734      0x226 Drivers/STM32L4xx_HAL_Driver/Src/stm32l4xx_hal_can.o
                0x0000000008001734                HAL_CAN_GetRxMessage
 .text.HAL_CAN_ActivateNotification
                0x000000000800195a       0x4c Drivers/STM32L4xx_HAL_Driver/Src/stm32l4xx_hal_can.o
                0x000000000800195a                HAL_CAN_ActivateNotification
 .text.HAL_CAN_IRQHandler
                0x00000000080019a6      0x362 Drivers/STM32L4xx_HAL_Driver/Src/stm32l4xx_hal_can.o
                0x00000000080019a6                HAL_CAN_IRQHandler
 .text.HAL_CAN_TxMailbox0CompleteCallback
                0x0000000008001d08       0x14 Drivers/STM32L4xx_HAL_Driver/Src/stm32l4xx_hal_can.o
                0x0000000008001d08                HAL_CAN_TxMailbox0CompleteCallback
 .text.HAL_CAN_TxMailbox1CompleteCallback
                0x0000000008001d1c       0x14 Drivers/STM32L4xx_HAL_Driver/Src/stm32l4xx_hal_can.o
                0x0000000008001d1c                HAL_CAN_TxMailbox1CompleteCallback
 .text.HAL_CAN_TxMailbox2CompleteCallback
                0x0000000008001d30       0x14 Drivers/STM32L4xx_HAL_Driver/Src/stm32l4xx_hal_can.o
                0x0000000008001d30                HAL_CAN_TxMailbox2CompleteCallback
 .text.HAL_CAN_TxMailbox0AbortCallback
                0x0000000008001d44       0x14 Drivers/STM32L4xx_HAL_Driver/Src/stm32l4xx_hal_can.o
                0x0000000008001d44                HAL_CAN_TxMailbox0AbortCallback
 .text.HAL_CAN_TxMailbox1AbortCallback
                0x0000000008001d58       0x14 Drivers/STM32L4xx_HAL_Driver/Src/stm32l4xx_hal_can.o
                0x0000000008001d58                HAL_CAN_TxMailbox1AbortCallback
 .text.HAL_CAN_TxMailbox2AbortCallback
                0x0000000008001d6c       0x14 Drivers/STM32L4xx_HAL_Driver/Src/stm32l4xx_hal_can.o
                0x0000000008001d6c                HAL_CAN_TxMailbox2AbortCallback
 .text.HAL_CAN_RxFifo0MsgPendingCallback
                0x0000000008001d80       0x14 Drivers/STM32L4xx_HAL_Driver/Src/stm32l4xx_hal_can.o
                0x0000000008001d80                HAL_CAN_RxFifo0MsgPendingCallback
 .text.HAL_CAN_RxFifo0FullCallback
                0x0000000008001d94       0x14 Drivers/STM32L4xx_HAL_Driver/Src/stm32l4xx_hal_can.o
                0x0000000008001d94                HAL_CAN_RxFifo0FullCallback
 .text.HAL_CAN_RxFifo1MsgPendingCallback
                0x0000000008001da8       0x14 Drivers/STM32L4xx_HAL_Driver/Src/stm32l4xx_hal_can.o
                0x0000000008001da8                HAL_CAN_RxFifo1MsgPendingCallback
 .text.HAL_CAN_RxFifo1FullCallback
                0x0000000008001dbc       0x14 Drivers/STM32L4xx_HAL_Driver/Src/stm32l4xx_hal_can.o
                0x0000000008001dbc                HAL_CAN_RxFifo1FullCallback
 .text.HAL_CAN_SleepCallback
                0x0000000008001dd0       0x14 Drivers/STM32L4xx_HAL_Driver/Src/stm32l4xx_hal_can.o
                0x0000000008001dd0                HAL_CAN_SleepCallback
 .text.HAL_CAN_WakeUpFromRxMsgCallback
                0x0000000008001de4       0x14 Drivers/STM32L4xx_HAL_Driver/Src/stm32l4xx_hal_can.o
                0x0000000008001de4                HAL_CAN_WakeUpFromRxMsgCallback
 .text.HAL_CAN_ErrorCallback
                0x0000000008001df8       0x14 Drivers/STM32L4xx_HAL_Driver/Src/stm32l4xx_hal_can.o
                0x0000000008001df8                HAL_CAN_ErrorCallback
 .text.__NVIC_SetPriorityGrouping
                0x0000000008001e0c       0x48 Drivers/STM32L4xx_HAL_Driver/Src/stm32l4xx_hal_cortex.o
 .text.__NVIC_GetPriorityGrouping
                0x0000000008001e54       0x1c Drivers/STM32L4xx_HAL_Driver/Src/stm32l4xx_hal_cortex.o
 .text.__NVIC_EnableIRQ
                0x0000000008001e70       0x3c Drivers/STM32L4xx_HAL_Driver/Src/stm32l4xx_hal_cortex.o
 .text.__NVIC_SetPriority
                0x0000000008001eac       0x54 Drivers/STM32L4xx_HAL_Driver/Src/stm32l4xx_hal_cortex.o
 .text.NVIC_EncodePriority
                0x0000000008001f00       0x66 Drivers/STM32L4xx_HAL_Driver/Src/stm32l4xx_hal_cortex.o
 *fill*         0x0000000008001f66        0x2 
 .text.SysTick_Config
                0x0000000008001f68       0x44 Drivers/STM32L4xx_HAL_Driver/Src/stm32l4xx_hal_cortex.o
 .text.HAL_NVIC_SetPriorityGrouping
                0x0000000008001fac       0x16 Drivers/STM32L4xx_HAL_Driver/Src/stm32l4xx_hal_cortex.o
                0x0000000008001fac                HAL_NVIC_SetPriorityGrouping
 .text.HAL_NVIC_SetPriority
                0x0000000008001fc2       0x38 Drivers/STM32L4xx_HAL_Driver/Src/stm32l4xx_hal_cortex.o
                0x0000000008001fc2                HAL_NVIC_SetPriority
 .text.HAL_NVIC_EnableIRQ
                0x0000000008001ffa       0x1c Drivers/STM32L4xx_HAL_Driver/Src/stm32l4xx_hal_cortex.o
                0x0000000008001ffa                HAL_NVIC_EnableIRQ
 .text.HAL_SYSTICK_Config
                0x0000000008002016       0x18 Drivers/STM32L4xx_HAL_Driver/Src/stm32l4xx_hal_cortex.o
                0x0000000008002016                HAL_SYSTICK_Config
 *fill*         0x000000000800202e        0x2 
 .text.HAL_GPIO_Init
                0x0000000008002030      0x350 Drivers/STM32L4xx_HAL_Driver/Src/stm32l4xx_hal_gpio.o
                0x0000000008002030                HAL_GPIO_Init
 .text.HAL_GPIO_ReadPin
                0x0000000008002380       0x30 Drivers/STM32L4xx_HAL_Driver/Src/stm32l4xx_hal_gpio.o
                0x0000000008002380                HAL_GPIO_ReadPin
 .text.HAL_GPIO_WritePin
                0x00000000080023b0       0x30 Drivers/STM32L4xx_HAL_Driver/Src/stm32l4xx_hal_gpio.o
                0x00000000080023b0                HAL_GPIO_WritePin
 .text.HAL_GPIO_EXTI_IRQHandler
                0x00000000080023e0       0x30 Drivers/STM32L4xx_HAL_Driver/Src/stm32l4xx_hal_gpio.o
                0x00000000080023e0                HAL_GPIO_EXTI_IRQHandler
 .text.HAL_GPIO_EXTI_Callback
                0x0000000008002410       0x16 Drivers/STM32L4xx_HAL_Driver/Src/stm32l4xx_hal_gpio.o
                0x0000000008002410                HAL_GPIO_EXTI_Callback
 .text.HAL_I2C_Init
                0x0000000008002426      0x11e Drivers/STM32L4xx_HAL_Driver/Src/stm32l4xx_hal_i2c.o
                0x0000000008002426                HAL_I2C_Init
 .text.HAL_I2C_Master_Transmit
                0x0000000008002544      0x1e8 Drivers/STM32L4xx_HAL_Driver/Src/stm32l4xx_hal_i2c.o
                0x0000000008002544                HAL_I2C_Master_Transmit
 .text.I2C_Flush_TXDR
                0x000000000800272c       0x48 Drivers/STM32L4xx_HAL_Driver/Src/stm32l4xx_hal_i2c.o
 .text.I2C_WaitOnFlagUntilTimeout
                0x0000000008002774       0x80 Drivers/STM32L4xx_HAL_Driver/Src/stm32l4xx_hal_i2c.o
 .text.I2C_WaitOnTXISFlagUntilTimeout
                0x00000000080027f4       0x80 Drivers/STM32L4xx_HAL_Driver/Src/stm32l4xx_hal_i2c.o
 .text.I2C_WaitOnSTOPFlagUntilTimeout
                0x0000000008002874       0x78 Drivers/STM32L4xx_HAL_Driver/Src/stm32l4xx_hal_i2c.o
 .text.I2C_IsAcknowledgeFailed
                0x00000000080028ec       0xcc Drivers/STM32L4xx_HAL_Driver/Src/stm32l4xx_hal_i2c.o
 .text.I2C_TransferConfig
                0x00000000080029b8       0x5c Drivers/STM32L4xx_HAL_Driver/Src/stm32l4xx_hal_i2c.o
 .text.HAL_I2CEx_ConfigAnalogFilter
                0x0000000008002a14       0x96 Drivers/STM32L4xx_HAL_Driver/Src/stm32l4xx_hal_i2c_ex.o
                0x0000000008002a14                HAL_I2CEx_ConfigAnalogFilter
 .text.HAL_I2CEx_ConfigDigitalFilter
                0x0000000008002aaa       0x98 Drivers/STM32L4xx_HAL_Driver/Src/stm32l4xx_hal_i2c_ex.o
                0x0000000008002aaa                HAL_I2CEx_ConfigDigitalFilter
 *fill*         0x0000000008002b42        0x2 
 .text.HAL_PWREx_GetVoltageRange
                0x0000000008002b44       0x1c Drivers/STM32L4xx_HAL_Driver/Src/stm32l4xx_hal_pwr_ex.o
                0x0000000008002b44                HAL_PWREx_GetVoltageRange
 .text.HAL_PWREx_ControlVoltageScaling
                0x0000000008002b60       0xac Drivers/STM32L4xx_HAL_Driver/Src/stm32l4xx_hal_pwr_ex.o
                0x0000000008002b60                HAL_PWREx_ControlVoltageScaling
 .text.HAL_RCC_OscConfig
                0x0000000008002c0c      0x7cc Drivers/STM32L4xx_HAL_Driver/Src/stm32l4xx_hal_rcc.o
                0x0000000008002c0c                HAL_RCC_OscConfig
 .text.HAL_RCC_ClockConfig
                0x00000000080033d8      0x1c4 Drivers/STM32L4xx_HAL_Driver/Src/stm32l4xx_hal_rcc.o
                0x00000000080033d8                HAL_RCC_ClockConfig
 .text.HAL_RCC_GetSysClockFreq
                0x000000000800359c      0x114 Drivers/STM32L4xx_HAL_Driver/Src/stm32l4xx_hal_rcc.o
                0x000000000800359c                HAL_RCC_GetSysClockFreq
 .text.HAL_RCC_GetHCLKFreq
                0x00000000080036b0       0x18 Drivers/STM32L4xx_HAL_Driver/Src/stm32l4xx_hal_rcc.o
                0x00000000080036b0                HAL_RCC_GetHCLKFreq
 .text.HAL_RCC_GetPCLK1Freq
                0x00000000080036c8       0x2c Drivers/STM32L4xx_HAL_Driver/Src/stm32l4xx_hal_rcc.o
                0x00000000080036c8                HAL_RCC_GetPCLK1Freq
 .text.HAL_RCC_GetPCLK2Freq
                0x00000000080036f4       0x2c Drivers/STM32L4xx_HAL_Driver/Src/stm32l4xx_hal_rcc.o
                0x00000000080036f4                HAL_RCC_GetPCLK2Freq
 .text.RCC_SetFlashLatencyFromMSIRange
                0x0000000008003720       0xc0 Drivers/STM32L4xx_HAL_Driver/Src/stm32l4xx_hal_rcc.o
 .text.HAL_RCCEx_PeriphCLKConfig
                0x00000000080037e0      0x5cc Drivers/STM32L4xx_HAL_Driver/Src/stm32l4xx_hal_rcc_ex.o
                0x00000000080037e0                HAL_RCCEx_PeriphCLKConfig
 .text.RCCEx_PLLSAI1_Config
                0x0000000008003dac      0x1e0 Drivers/STM32L4xx_HAL_Driver/Src/stm32l4xx_hal_rcc_ex.o
 .text.RCCEx_PLLSAI2_Config
                0x0000000008003f8c      0x1b4 Drivers/STM32L4xx_HAL_Driver/Src/stm32l4xx_hal_rcc_ex.o
 .text.HAL_TIM_Base_Init
                0x0000000008004140       0x56 Drivers/STM32L4xx_HAL_Driver/Src/stm32l4xx_hal_tim.o
                0x0000000008004140                HAL_TIM_Base_Init
 .text.HAL_TIM_ConfigClockSource
                0x0000000008004196      0x172 Drivers/STM32L4xx_HAL_Driver/Src/stm32l4xx_hal_tim.o
                0x0000000008004196                HAL_TIM_ConfigClockSource
 .text.TIM_Base_SetConfig
                0x0000000008004308      0x134 Drivers/STM32L4xx_HAL_Driver/Src/stm32l4xx_hal_tim.o
                0x0000000008004308                TIM_Base_SetConfig
 .text.TIM_TI1_ConfigInputStage
                0x000000000800443c       0x5e Drivers/STM32L4xx_HAL_Driver/Src/stm32l4xx_hal_tim.o
 .text.TIM_TI2_ConfigInputStage
                0x000000000800449a       0x60 Drivers/STM32L4xx_HAL_Driver/Src/stm32l4xx_hal_tim.o
 .text.TIM_ITRx_SetConfig
                0x00000000080044fa       0x36 Drivers/STM32L4xx_HAL_Driver/Src/stm32l4xx_hal_tim.o
 .text.TIM_ETR_SetConfig
                0x0000000008004530       0x40 Drivers/STM32L4xx_HAL_Driver/Src/stm32l4xx_hal_tim.o
                0x0000000008004530                TIM_ETR_SetConfig
 .text.HAL_TIMEx_MasterConfigSynchronization
                0x0000000008004570      0x110 Drivers/STM32L4xx_HAL_Driver/Src/stm32l4xx_hal_tim_ex.o
                0x0000000008004570                HAL_TIMEx_MasterConfigSynchronization
 .text.HAL_UART_Init
                0x0000000008004680       0x9c Drivers/STM32L4xx_HAL_Driver/Src/stm32l4xx_hal_uart.o
                0x0000000008004680                HAL_UART_Init
 .text.HAL_UART_Transmit
                0x000000000800471c      0x126 Drivers/STM32L4xx_HAL_Driver/Src/stm32l4xx_hal_uart.o
                0x000000000800471c                HAL_UART_Transmit
 *fill*         0x0000000008004842        0x2 
 .text.UART_SetConfig
                0x0000000008004844      0x6e4 Drivers/STM32L4xx_HAL_Driver/Src/stm32l4xx_hal_uart.o
                0x0000000008004844                UART_SetConfig
 .text.UART_AdvFeatureConfig
                0x0000000008004f28      0x144 Drivers/STM32L4xx_HAL_Driver/Src/stm32l4xx_hal_uart.o
                0x0000000008004f28                UART_AdvFeatureConfig
 .text.UART_CheckIdleState
                0x000000000800506c       0x8a Drivers/STM32L4xx_HAL_Driver/Src/stm32l4xx_hal_uart.o
                0x000000000800506c                UART_CheckIdleState
 .text.UART_WaitOnFlagUntilTimeout
                0x00000000080050f6       0xf6 Drivers/STM32L4xx_HAL_Driver/Src/stm32l4xx_hal_uart.o
                0x00000000080050f6                UART_WaitOnFlagUntilTimeout
 .text.__libc_init_array
                0x00000000080051ec       0x48 /home/mdh/st/stm32cubeide_1.3.0/plugins/com.st.stm32cube.ide.mcu.externaltools.gnu-tools-for-stm32.7-2018-q2-update.linux64_1.0.0.201904181610/tools/bin/../lib/gcc/arm-none-eabi/7.3.1/../../../../arm-none-eabi/lib/thumb/v7e-m/fpv4-sp/hard/libc_nano.a(lib_a-init.o)
                0x00000000080051ec                __libc_init_array
 .text.memset   0x0000000008005234       0x10 /home/mdh/st/stm32cubeide_1.3.0/plugins/com.st.stm32cube.ide.mcu.externaltools.gnu-tools-for-stm32.7-2018-q2-update.linux64_1.0.0.201904181610/tools/bin/../lib/gcc/arm-none-eabi/7.3.1/../../../../arm-none-eabi/lib/thumb/v7e-m/fpv4-sp/hard/libc_nano.a(lib_a-memset.o)
                0x0000000008005234                memset
 *(.glue_7)
 .glue_7        0x0000000008005244        0x0 linker stubs
 *(.glue_7t)
 .glue_7t       0x0000000008005244        0x0 linker stubs
 *(.eh_frame)
 .eh_frame      0x0000000008005244        0x0 /home/mdh/st/stm32cubeide_1.3.0/plugins/com.st.stm32cube.ide.mcu.externaltools.gnu-tools-for-stm32.7-2018-q2-update.linux64_1.0.0.201904181610/tools/bin/../lib/gcc/arm-none-eabi/7.3.1/thumb/v7e-m/fpv4-sp/hard/crtbegin.o
 *(.init)
 .init          0x0000000008005244        0x4 /home/mdh/st/stm32cubeide_1.3.0/plugins/com.st.stm32cube.ide.mcu.externaltools.gnu-tools-for-stm32.7-2018-q2-update.linux64_1.0.0.201904181610/tools/bin/../lib/gcc/arm-none-eabi/7.3.1/thumb/v7e-m/fpv4-sp/hard/crti.o
                0x0000000008005244                _init
 .init          0x0000000008005248        0x8 /home/mdh/st/stm32cubeide_1.3.0/plugins/com.st.stm32cube.ide.mcu.externaltools.gnu-tools-for-stm32.7-2018-q2-update.linux64_1.0.0.201904181610/tools/bin/../lib/gcc/arm-none-eabi/7.3.1/thumb/v7e-m/fpv4-sp/hard/crtn.o
 *(.fini)
 .fini          0x0000000008005250        0x4 /home/mdh/st/stm32cubeide_1.3.0/plugins/com.st.stm32cube.ide.mcu.externaltools.gnu-tools-for-stm32.7-2018-q2-update.linux64_1.0.0.201904181610/tools/bin/../lib/gcc/arm-none-eabi/7.3.1/thumb/v7e-m/fpv4-sp/hard/crti.o
                0x0000000008005250                _fini
 .fini          0x0000000008005254        0x8 /home/mdh/st/stm32cubeide_1.3.0/plugins/com.st.stm32cube.ide.mcu.externaltools.gnu-tools-for-stm32.7-2018-q2-update.linux64_1.0.0.201904181610/tools/bin/../lib/gcc/arm-none-eabi/7.3.1/thumb/v7e-m/fpv4-sp/hard/crtn.o
                0x000000000800525c                . = ALIGN (0x4)
                0x000000000800525c                _etext = .

.vfp11_veneer   0x000000000800525c        0x0
 .vfp11_veneer  0x000000000800525c        0x0 linker stubs

.v4_bx          0x000000000800525c        0x0
 .v4_bx         0x000000000800525c        0x0 linker stubs

.iplt           0x000000000800525c        0x0
 .iplt          0x000000000800525c        0x0 /home/mdh/st/stm32cubeide_1.3.0/plugins/com.st.stm32cube.ide.mcu.externaltools.gnu-tools-for-stm32.7-2018-q2-update.linux64_1.0.0.201904181610/tools/bin/../lib/gcc/arm-none-eabi/7.3.1/thumb/v7e-m/fpv4-sp/hard/crtbegin.o

.rodata         0x000000000800525c       0xc8
                0x000000000800525c                . = ALIGN (0x4)
 *(.rodata)
 .rodata        0x000000000800525c       0x80 Core/Src/main.o
 *(.rodata*)
 .rodata.AHBPrescTable
                0x00000000080052dc       0x10 Core/Src/system_stm32l4xx.o
                0x00000000080052dc                AHBPrescTable
 .rodata.APBPrescTable
                0x00000000080052ec        0x8 Core/Src/system_stm32l4xx.o
                0x00000000080052ec                APBPrescTable
 .rodata.MSIRangeTable
                0x00000000080052f4       0x30 Core/Src/system_stm32l4xx.o
                0x00000000080052f4                MSIRangeTable
                0x0000000008005324                . = ALIGN (0x4)

.ARM.extab      0x0000000008005324        0x0
                0x0000000008005324                . = ALIGN (0x4)
 *(.ARM.extab* .gnu.linkonce.armextab.*)
                0x0000000008005324                . = ALIGN (0x4)

.ARM            0x0000000008005324        0x8
                0x0000000008005324                . = ALIGN (0x4)
                0x0000000008005324                __exidx_start = .
 *(.ARM.exidx*)
 .ARM.exidx     0x0000000008005324        0x8 /home/mdh/st/stm32cubeide_1.3.0/plugins/com.st.stm32cube.ide.mcu.externaltools.gnu-tools-for-stm32.7-2018-q2-update.linux64_1.0.0.201904181610/tools/bin/../lib/gcc/arm-none-eabi/7.3.1/thumb/v7e-m/fpv4-sp/hard/libgcc.a(_udivmoddi4.o)
                0x000000000800532c                __exidx_end = .
                0x000000000800532c                . = ALIGN (0x4)

.rel.dyn        0x000000000800532c        0x0
 .rel.iplt      0x000000000800532c        0x0 /home/mdh/st/stm32cubeide_1.3.0/plugins/com.st.stm32cube.ide.mcu.externaltools.gnu-tools-for-stm32.7-2018-q2-update.linux64_1.0.0.201904181610/tools/bin/../lib/gcc/arm-none-eabi/7.3.1/thumb/v7e-m/fpv4-sp/hard/crtbegin.o

.preinit_array  0x000000000800532c        0x0
                0x000000000800532c                . = ALIGN (0x4)
                0x000000000800532c                PROVIDE (__preinit_array_start = .)
 *(.preinit_array*)
                0x000000000800532c                PROVIDE (__preinit_array_end = .)
                0x000000000800532c                . = ALIGN (0x4)

.init_array     0x000000000800532c        0x4
                0x000000000800532c                . = ALIGN (0x4)
                0x000000000800532c                PROVIDE (__init_array_start = .)
 *(SORT_BY_NAME(.init_array.*))
 *(.init_array*)
 .init_array    0x000000000800532c        0x4 /home/mdh/st/stm32cubeide_1.3.0/plugins/com.st.stm32cube.ide.mcu.externaltools.gnu-tools-for-stm32.7-2018-q2-update.linux64_1.0.0.201904181610/tools/bin/../lib/gcc/arm-none-eabi/7.3.1/thumb/v7e-m/fpv4-sp/hard/crtbegin.o
                0x0000000008005330                PROVIDE (__init_array_end = .)
                0x0000000008005330                . = ALIGN (0x4)

.fini_array     0x0000000008005330        0x4
                0x0000000008005330                . = ALIGN (0x4)
                [!provide]                        PROVIDE (__fini_array_start = .)
 *(SORT_BY_NAME(.fini_array.*))
 *(.fini_array*)
 .fini_array    0x0000000008005330        0x4 /home/mdh/st/stm32cubeide_1.3.0/plugins/com.st.stm32cube.ide.mcu.externaltools.gnu-tools-for-stm32.7-2018-q2-update.linux64_1.0.0.201904181610/tools/bin/../lib/gcc/arm-none-eabi/7.3.1/thumb/v7e-m/fpv4-sp/hard/crtbegin.o
                [!provide]                        PROVIDE (__fini_array_end = .)
                0x0000000008005334                . = ALIGN (0x4)
                0x0000000008005334                _sidata = LOADADDR (.data)

.data           0x0000000020000000       0x10 load address 0x0000000008005334
                0x0000000020000000                . = ALIGN (0x4)
                0x0000000020000000                _sdata = .
 *(.data)
 *(.data*)
 .data.OwnID    0x0000000020000000        0x2 Core/Src/main.o
                0x0000000020000000                OwnID
 .data.RemoteID
                0x0000000020000002        0x2 Core/Src/main.o
                0x0000000020000002                RemoteID
 .data.SystemCoreClock
                0x0000000020000004        0x4 Core/Src/system_stm32l4xx.o
                0x0000000020000004                SystemCoreClock
 .data.uwTickPrio
                0x0000000020000008        0x4 Drivers/STM32L4xx_HAL_Driver/Src/stm32l4xx_hal.o
                0x0000000020000008                uwTickPrio
 .data.uwTickFreq
                0x000000002000000c        0x4 Drivers/STM32L4xx_HAL_Driver/Src/stm32l4xx_hal.o
                0x000000002000000c                uwTickFreq
                0x0000000020000010                . = ALIGN (0x4)
                0x0000000020000010                _edata = .

.igot.plt       0x0000000020000010        0x0 load address 0x0000000008005344
 .igot.plt      0x0000000020000010        0x0 /home/mdh/st/stm32cubeide_1.3.0/plugins/com.st.stm32cube.ide.mcu.externaltools.gnu-tools-for-stm32.7-2018-q2-update.linux64_1.0.0.201904181610/tools/bin/../lib/gcc/arm-none-eabi/7.3.1/thumb/v7e-m/fpv4-sp/hard/crtbegin.o
                0x0000000020000010                . = ALIGN (0x4)

.bss            0x0000000020000010      0x190 load address 0x0000000008005344
                0x0000000020000010                _sbss = .
                0x0000000020000010                __bss_start__ = _sbss
 *(.bss)
 .bss           0x0000000020000010       0x1c /home/mdh/st/stm32cubeide_1.3.0/plugins/com.st.stm32cube.ide.mcu.externaltools.gnu-tools-for-stm32.7-2018-q2-update.linux64_1.0.0.201904181610/tools/bin/../lib/gcc/arm-none-eabi/7.3.1/thumb/v7e-m/fpv4-sp/hard/crtbegin.o
 *(.bss*)
 *(COMMON)
 COMMON         0x000000002000002c       0x28 Core/Src/can.o
                0x000000002000002c                hcan1
 COMMON         0x0000000020000054       0x4c Core/Src/i2c.o
                0x0000000020000054                hi2c1
 COMMON         0x00000000200000a0       0x3c Core/Src/main.o
                0x00000000200000a0                TxMailBox
                0x00000000200000a4                state
                0x00000000200000a5                r
                0x00000000200000a6                retval
                0x00000000200000a7                a
                0x00000000200000a8                TxHeader
                0x00000000200000c0                RxHeader
 COMMON         0x00000000200000dc       0x40 Core/Src/tim.o
                0x00000000200000dc                htim1
 COMMON         0x000000002000011c       0x80 Core/Src/usart.o
                0x000000002000011c                huart2
 COMMON         0x000000002000019c        0x4 Drivers/STM32L4xx_HAL_Driver/Src/stm32l4xx_hal.o
                0x000000002000019c                uwTick
                0x00000000200001a0                . = ALIGN (0x4)
                0x00000000200001a0                _ebss = .
                0x00000000200001a0                __bss_end__ = _ebss

._user_heap_stack
                0x00000000200001a0      0x600 load address 0x0000000008005344
                0x00000000200001a0                . = ALIGN (0x8)
                0x00000000200001a0                PROVIDE (end = .)
                [!provide]                        PROVIDE (_end = .)
                0x00000000200003a0                . = (. + _Min_Heap_Size)
 *fill*         0x00000000200001a0      0x200 
                0x00000000200007a0                . = (. + _Min_Stack_Size)
 *fill*         0x00000000200003a0      0x400 
                0x00000000200007a0                . = ALIGN (0x8)

/DISCARD/
 libc.a(*)
 libm.a(*)
 libgcc.a(*)

.ARM.attributes
                0x0000000000000000       0x30
 *(.ARM.attributes)
 .ARM.attributes
                0x0000000000000000       0x22 /home/mdh/st/stm32cubeide_1.3.0/plugins/com.st.stm32cube.ide.mcu.externaltools.gnu-tools-for-stm32.7-2018-q2-update.linux64_1.0.0.201904181610/tools/bin/../lib/gcc/arm-none-eabi/7.3.1/thumb/v7e-m/fpv4-sp/hard/crti.o
 .ARM.attributes
                0x0000000000000022       0x34 /home/mdh/st/stm32cubeide_1.3.0/plugins/com.st.stm32cube.ide.mcu.externaltools.gnu-tools-for-stm32.7-2018-q2-update.linux64_1.0.0.201904181610/tools/bin/../lib/gcc/arm-none-eabi/7.3.1/thumb/v7e-m/fpv4-sp/hard/crtbegin.o
 .ARM.attributes
                0x0000000000000056       0x39 Core/Src/can.o
 .ARM.attributes
                0x000000000000008f       0x39 Core/Src/gpio.o
 .ARM.attributes
                0x00000000000000c8       0x39 Core/Src/i2c-lcd.o
 .ARM.attributes
                0x0000000000000101       0x39 Core/Src/i2c.o
 .ARM.attributes
                0x000000000000013a       0x39 Core/Src/main.o
 .ARM.attributes
                0x0000000000000173       0x39 Core/Src/stm32l4xx_hal_msp.o
 .ARM.attributes
                0x00000000000001ac       0x39 Core/Src/stm32l4xx_it.o
 .ARM.attributes
                0x00000000000001e5       0x39 Core/Src/system_stm32l4xx.o
 .ARM.attributes
                0x000000000000021e       0x39 Core/Src/tim.o
 .ARM.attributes
                0x0000000000000257       0x39 Core/Src/usart.o
 .ARM.attributes
                0x0000000000000290       0x21 Core/Startup/startup_stm32l476rgtx.o
 .ARM.attributes
                0x00000000000002b1       0x39 Drivers/STM32L4xx_HAL_Driver/Src/stm32l4xx_hal.o
 .ARM.attributes
                0x00000000000002ea       0x39 Drivers/STM32L4xx_HAL_Driver/Src/stm32l4xx_hal_can.o
 .ARM.attributes
                0x0000000000000323       0x39 Drivers/STM32L4xx_HAL_Driver/Src/stm32l4xx_hal_cortex.o
 .ARM.attributes
                0x000000000000035c       0x39 Drivers/STM32L4xx_HAL_Driver/Src/stm32l4xx_hal_gpio.o
 .ARM.attributes
                0x0000000000000395       0x39 Drivers/STM32L4xx_HAL_Driver/Src/stm32l4xx_hal_i2c.o
 .ARM.attributes
                0x00000000000003ce       0x39 Drivers/STM32L4xx_HAL_Driver/Src/stm32l4xx_hal_i2c_ex.o
 .ARM.attributes
                0x0000000000000407       0x39 Drivers/STM32L4xx_HAL_Driver/Src/stm32l4xx_hal_pwr_ex.o
 .ARM.attributes
                0x0000000000000440       0x39 Drivers/STM32L4xx_HAL_Driver/Src/stm32l4xx_hal_rcc.o
 .ARM.attributes
                0x0000000000000479       0x39 Drivers/STM32L4xx_HAL_Driver/Src/stm32l4xx_hal_rcc_ex.o
 .ARM.attributes
                0x00000000000004b2       0x39 Drivers/STM32L4xx_HAL_Driver/Src/stm32l4xx_hal_tim.o
 .ARM.attributes
                0x00000000000004eb       0x39 Drivers/STM32L4xx_HAL_Driver/Src/stm32l4xx_hal_tim_ex.o
 .ARM.attributes
                0x0000000000000524       0x39 Drivers/STM32L4xx_HAL_Driver/Src/stm32l4xx_hal_uart.o
 .ARM.attributes
                0x000000000000055d       0x34 /home/mdh/st/stm32cubeide_1.3.0/plugins/com.st.stm32cube.ide.mcu.externaltools.gnu-tools-for-stm32.7-2018-q2-update.linux64_1.0.0.201904181610/tools/bin/../lib/gcc/arm-none-eabi/7.3.1/../../../../arm-none-eabi/lib/thumb/v7e-m/fpv4-sp/hard/libc_nano.a(lib_a-init.o)
 .ARM.attributes
                0x0000000000000591       0x34 /home/mdh/st/stm32cubeide_1.3.0/plugins/com.st.stm32cube.ide.mcu.externaltools.gnu-tools-for-stm32.7-2018-q2-update.linux64_1.0.0.201904181610/tools/bin/../lib/gcc/arm-none-eabi/7.3.1/../../../../arm-none-eabi/lib/thumb/v7e-m/fpv4-sp/hard/libc_nano.a(lib_a-memset.o)
 .ARM.attributes
                0x00000000000005c5       0x1b /home/mdh/st/stm32cubeide_1.3.0/plugins/com.st.stm32cube.ide.mcu.externaltools.gnu-tools-for-stm32.7-2018-q2-update.linux64_1.0.0.201904181610/tools/bin/../lib/gcc/arm-none-eabi/7.3.1/../../../../arm-none-eabi/lib/thumb/v7e-m/fpv4-sp/hard/libc_nano.a(lib_a-strlen.o)
 .ARM.attributes
                0x00000000000005e0       0x22 /home/mdh/st/stm32cubeide_1.3.0/plugins/com.st.stm32cube.ide.mcu.externaltools.gnu-tools-for-stm32.7-2018-q2-update.linux64_1.0.0.201904181610/tools/bin/../lib/gcc/arm-none-eabi/7.3.1/thumb/v7e-m/fpv4-sp/hard/libgcc.a(_aeabi_uldivmod.o)
 .ARM.attributes
                0x0000000000000602       0x34 /home/mdh/st/stm32cubeide_1.3.0/plugins/com.st.stm32cube.ide.mcu.externaltools.gnu-tools-for-stm32.7-2018-q2-update.linux64_1.0.0.201904181610/tools/bin/../lib/gcc/arm-none-eabi/7.3.1/thumb/v7e-m/fpv4-sp/hard/libgcc.a(_udivmoddi4.o)
 .ARM.attributes
                0x0000000000000636       0x22 /home/mdh/st/stm32cubeide_1.3.0/plugins/com.st.stm32cube.ide.mcu.externaltools.gnu-tools-for-stm32.7-2018-q2-update.linux64_1.0.0.201904181610/tools/bin/../lib/gcc/arm-none-eabi/7.3.1/thumb/v7e-m/fpv4-sp/hard/libgcc.a(_dvmd_tls.o)
 .ARM.attributes
                0x0000000000000658       0x22 /home/mdh/st/stm32cubeide_1.3.0/plugins/com.st.stm32cube.ide.mcu.externaltools.gnu-tools-for-stm32.7-2018-q2-update.linux64_1.0.0.201904181610/tools/bin/../lib/gcc/arm-none-eabi/7.3.1/thumb/v7e-m/fpv4-sp/hard/crtn.o
OUTPUT(board_5.elf elf32-littlearm)

.debug_info     0x0000000000000000    0x14f3d
 .debug_info    0x0000000000000000      0xc52 Core/Src/can.o
 .debug_info    0x0000000000000c52      0x872 Core/Src/gpio.o
 .debug_info    0x00000000000014c4      0x8c1 Core/Src/i2c-lcd.o
 .debug_info    0x0000000000001d85      0xb34 Core/Src/i2c.o
 .debug_info    0x00000000000028b9     0x2082 Core/Src/main.o
 .debug_info    0x000000000000493b      0x4c8 Core/Src/stm32l4xx_hal_msp.o
 .debug_info    0x0000000000004e03      0x830 Core/Src/stm32l4xx_it.o
 .debug_info    0x0000000000005633      0x6f6 Core/Src/system_stm32l4xx.o
 .debug_info    0x0000000000005d29      0xa87 Core/Src/tim.o
 .debug_info    0x00000000000067b0      0xb7a Core/Src/usart.o
 .debug_info    0x000000000000732a       0x22 Core/Startup/startup_stm32l476rgtx.o
 .debug_info    0x000000000000734c      0xcee Drivers/STM32L4xx_HAL_Driver/Src/stm32l4xx_hal.o
 .debug_info    0x000000000000803a     0x10c1 Drivers/STM32L4xx_HAL_Driver/Src/stm32l4xx_hal_can.o
 .debug_info    0x00000000000090fb      0xf3c Drivers/STM32L4xx_HAL_Driver/Src/stm32l4xx_hal_cortex.o
 .debug_info    0x000000000000a037      0x982 Drivers/STM32L4xx_HAL_Driver/Src/stm32l4xx_hal_gpio.o
 .debug_info    0x000000000000a9b9     0x20dc Drivers/STM32L4xx_HAL_Driver/Src/stm32l4xx_hal_i2c.o
 .debug_info    0x000000000000ca95      0xb41 Drivers/STM32L4xx_HAL_Driver/Src/stm32l4xx_hal_i2c_ex.o
 .debug_info    0x000000000000d5d6      0xb04 Drivers/STM32L4xx_HAL_Driver/Src/stm32l4xx_hal_pwr_ex.o
 .debug_info    0x000000000000e0da      0xcfe Drivers/STM32L4xx_HAL_Driver/Src/stm32l4xx_hal_rcc.o
 .debug_info    0x000000000000edd8      0xf10 Drivers/STM32L4xx_HAL_Driver/Src/stm32l4xx_hal_rcc_ex.o
 .debug_info    0x000000000000fce8     0x266f Drivers/STM32L4xx_HAL_Driver/Src/stm32l4xx_hal_tim.o
 .debug_info    0x0000000000012357     0x13d8 Drivers/STM32L4xx_HAL_Driver/Src/stm32l4xx_hal_tim_ex.o
 .debug_info    0x000000000001372f     0x180e Drivers/STM32L4xx_HAL_Driver/Src/stm32l4xx_hal_uart.o

.debug_abbrev   0x0000000000000000     0x29c6
 .debug_abbrev  0x0000000000000000      0x1b6 Core/Src/can.o
 .debug_abbrev  0x00000000000001b6      0x13d Core/Src/gpio.o
 .debug_abbrev  0x00000000000002f3      0x1b3 Core/Src/i2c-lcd.o
 .debug_abbrev  0x00000000000004a6      0x1a4 Core/Src/i2c.o
 .debug_abbrev  0x000000000000064a      0x2e1 Core/Src/main.o
 .debug_abbrev  0x000000000000092b      0x125 Core/Src/stm32l4xx_hal_msp.o
 .debug_abbrev  0x0000000000000a50      0x18e Core/Src/stm32l4xx_it.o
 .debug_abbrev  0x0000000000000bde      0x150 Core/Src/system_stm32l4xx.o
 .debug_abbrev  0x0000000000000d2e      0x190 Core/Src/tim.o
 .debug_abbrev  0x0000000000000ebe      0x199 Core/Src/usart.o
 .debug_abbrev  0x0000000000001057       0x12 Core/Startup/startup_stm32l476rgtx.o
 .debug_abbrev  0x0000000000001069      0x1fb Drivers/STM32L4xx_HAL_Driver/Src/stm32l4xx_hal.o
 .debug_abbrev  0x0000000000001264      0x22a Drivers/STM32L4xx_HAL_Driver/Src/stm32l4xx_hal_can.o
 .debug_abbrev  0x000000000000148e      0x2fa Drivers/STM32L4xx_HAL_Driver/Src/stm32l4xx_hal_cortex.o
 .debug_abbrev  0x0000000000001788      0x1c0 Drivers/STM32L4xx_HAL_Driver/Src/stm32l4xx_hal_gpio.o
 .debug_abbrev  0x0000000000001948      0x22a Drivers/STM32L4xx_HAL_Driver/Src/stm32l4xx_hal_i2c.o
 .debug_abbrev  0x0000000000001b72      0x1b9 Drivers/STM32L4xx_HAL_Driver/Src/stm32l4xx_hal_i2c_ex.o
 .debug_abbrev  0x0000000000001d2b      0x1cb Drivers/STM32L4xx_HAL_Driver/Src/stm32l4xx_hal_pwr_ex.o
 .debug_abbrev  0x0000000000001ef6      0x245 Drivers/STM32L4xx_HAL_Driver/Src/stm32l4xx_hal_rcc.o
 .debug_abbrev  0x000000000000213b      0x238 Drivers/STM32L4xx_HAL_Driver/Src/stm32l4xx_hal_rcc_ex.o
 .debug_abbrev  0x0000000000002373      0x230 Drivers/STM32L4xx_HAL_Driver/Src/stm32l4xx_hal_tim.o
 .debug_abbrev  0x00000000000025a3      0x21e Drivers/STM32L4xx_HAL_Driver/Src/stm32l4xx_hal_tim_ex.o
 .debug_abbrev  0x00000000000027c1      0x205 Drivers/STM32L4xx_HAL_Driver/Src/stm32l4xx_hal_uart.o

.debug_aranges  0x0000000000000000     0x12e8
 .debug_aranges
                0x0000000000000000       0x30 Core/Src/can.o
 .debug_aranges
                0x0000000000000030       0x20 Core/Src/gpio.o
 .debug_aranges
                0x0000000000000050       0x48 Core/Src/i2c-lcd.o
 .debug_aranges
                0x0000000000000098       0x30 Core/Src/i2c.o
 .debug_aranges
                0x00000000000000c8       0x68 Core/Src/main.o
 .debug_aranges
                0x0000000000000130       0x20 Core/Src/stm32l4xx_hal_msp.o
 .debug_aranges
                0x0000000000000150       0x70 Core/Src/stm32l4xx_it.o
 .debug_aranges
                0x00000000000001c0       0x28 Core/Src/system_stm32l4xx.o
 .debug_aranges
                0x00000000000001e8       0x30 Core/Src/tim.o
 .debug_aranges
                0x0000000000000218       0x30 Core/Src/usart.o
 .debug_aranges
                0x0000000000000248       0x28 Core/Startup/startup_stm32l476rgtx.o
 .debug_aranges
                0x0000000000000270      0x130 Drivers/STM32L4xx_HAL_Driver/Src/stm32l4xx_hal.o
 .debug_aranges
                0x00000000000003a0      0x138 Drivers/STM32L4xx_HAL_Driver/Src/stm32l4xx_hal_can.o
 .debug_aranges
                0x00000000000004d8      0x118 Drivers/STM32L4xx_HAL_Driver/Src/stm32l4xx_hal_cortex.o
 .debug_aranges
                0x00000000000005f0       0x58 Drivers/STM32L4xx_HAL_Driver/Src/stm32l4xx_hal_gpio.o
 .debug_aranges
                0x0000000000000648      0x290 Drivers/STM32L4xx_HAL_Driver/Src/stm32l4xx_hal_i2c.o
 .debug_aranges
                0x00000000000008d8       0x48 Drivers/STM32L4xx_HAL_Driver/Src/stm32l4xx_hal_i2c_ex.o
 .debug_aranges
                0x0000000000000920      0x150 Drivers/STM32L4xx_HAL_Driver/Src/stm32l4xx_hal_pwr_ex.o
 .debug_aranges
                0x0000000000000a70       0x88 Drivers/STM32L4xx_HAL_Driver/Src/stm32l4xx_hal_rcc.o
 .debug_aranges
                0x0000000000000af8       0xc0 Drivers/STM32L4xx_HAL_Driver/Src/stm32l4xx_hal_rcc_ex.o
 .debug_aranges
                0x0000000000000bb8      0x3b8 Drivers/STM32L4xx_HAL_Driver/Src/stm32l4xx_hal_tim.o
 .debug_aranges
                0x0000000000000f70      0x168 Drivers/STM32L4xx_HAL_Driver/Src/stm32l4xx_hal_tim_ex.o
 .debug_aranges
                0x00000000000010d8      0x210 Drivers/STM32L4xx_HAL_Driver/Src/stm32l4xx_hal_uart.o

.debug_ranges   0x0000000000000000     0x1180
 .debug_ranges  0x0000000000000000       0x20 Core/Src/can.o
 .debug_ranges  0x0000000000000020       0x10 Core/Src/gpio.o
 .debug_ranges  0x0000000000000030       0x38 Core/Src/i2c-lcd.o
 .debug_ranges  0x0000000000000068       0x20 Core/Src/i2c.o
 .debug_ranges  0x0000000000000088       0x58 Core/Src/main.o
 .debug_ranges  0x00000000000000e0       0x10 Core/Src/stm32l4xx_hal_msp.o
 .debug_ranges  0x00000000000000f0       0x60 Core/Src/stm32l4xx_it.o
 .debug_ranges  0x0000000000000150       0x18 Core/Src/system_stm32l4xx.o
 .debug_ranges  0x0000000000000168       0x20 Core/Src/tim.o
 .debug_ranges  0x0000000000000188       0x20 Core/Src/usart.o
 .debug_ranges  0x00000000000001a8       0x20 Core/Startup/startup_stm32l476rgtx.o
 .debug_ranges  0x00000000000001c8      0x120 Drivers/STM32L4xx_HAL_Driver/Src/stm32l4xx_hal.o
 .debug_ranges  0x00000000000002e8      0x128 Drivers/STM32L4xx_HAL_Driver/Src/stm32l4xx_hal_can.o
 .debug_ranges  0x0000000000000410      0x108 Drivers/STM32L4xx_HAL_Driver/Src/stm32l4xx_hal_cortex.o
 .debug_ranges  0x0000000000000518       0x48 Drivers/STM32L4xx_HAL_Driver/Src/stm32l4xx_hal_gpio.o
 .debug_ranges  0x0000000000000560      0x280 Drivers/STM32L4xx_HAL_Driver/Src/stm32l4xx_hal_i2c.o
 .debug_ranges  0x00000000000007e0       0x38 Drivers/STM32L4xx_HAL_Driver/Src/stm32l4xx_hal_i2c_ex.o
 .debug_ranges  0x0000000000000818      0x140 Drivers/STM32L4xx_HAL_Driver/Src/stm32l4xx_hal_pwr_ex.o
 .debug_ranges  0x0000000000000958       0x78 Drivers/STM32L4xx_HAL_Driver/Src/stm32l4xx_hal_rcc.o
 .debug_ranges  0x00000000000009d0       0xb0 Drivers/STM32L4xx_HAL_Driver/Src/stm32l4xx_hal_rcc_ex.o
 .debug_ranges  0x0000000000000a80      0x3a8 Drivers/STM32L4xx_HAL_Driver/Src/stm32l4xx_hal_tim.o
 .debug_ranges  0x0000000000000e28      0x158 Drivers/STM32L4xx_HAL_Driver/Src/stm32l4xx_hal_tim_ex.o
 .debug_ranges  0x0000000000000f80      0x200 Drivers/STM32L4xx_HAL_Driver/Src/stm32l4xx_hal_uart.o

.debug_macro    0x0000000000000000    0x28393
 .debug_macro   0x0000000000000000      0x20c Core/Src/can.o
 .debug_macro   0x000000000000020c      0xa5a Core/Src/can.o
 .debug_macro   0x0000000000000c66       0xc6 Core/Src/can.o
 .debug_macro   0x0000000000000d2c       0x2e Core/Src/can.o
 .debug_macro   0x0000000000000d5a       0x28 Core/Src/can.o
 .debug_macro   0x0000000000000d82       0x22 Core/Src/can.o
 .debug_macro   0x0000000000000da4       0x8e Core/Src/can.o
 .debug_macro   0x0000000000000e32       0x51 Core/Src/can.o
 .debug_macro   0x0000000000000e83       0xef Core/Src/can.o
 .debug_macro   0x0000000000000f72       0x6a Core/Src/can.o
 .debug_macro   0x0000000000000fdc      0x1df Core/Src/can.o
 .debug_macro   0x00000000000011bb       0x1c Core/Src/can.o
 .debug_macro   0x00000000000011d7       0x22 Core/Src/can.o
 .debug_macro   0x00000000000011f9       0xdf Core/Src/can.o
 .debug_macro   0x00000000000012d8     0x102d Core/Src/can.o
 .debug_macro   0x0000000000002305      0x11f Core/Src/can.o
 .debug_macro   0x0000000000002424    0x1a13d Core/Src/can.o
 .debug_macro   0x000000000001c561       0x43 Core/Src/can.o
 .debug_macro   0x000000000001c5a4     0x3890 Core/Src/can.o
 .debug_macro   0x000000000001fe34      0x174 Core/Src/can.o
 .debug_macro   0x000000000001ffa8       0x5c Core/Src/can.o
 .debug_macro   0x0000000000020004     0x155f Core/Src/can.o
 .debug_macro   0x0000000000021563      0x59e Core/Src/can.o
 .debug_macro   0x0000000000021b01      0x241 Core/Src/can.o
 .debug_macro   0x0000000000021d42      0x13d Core/Src/can.o
 .debug_macro   0x0000000000021e7f      0x18b Core/Src/can.o
 .debug_macro   0x000000000002200a      0x26b Core/Src/can.o
 .debug_macro   0x0000000000022275      0x23d Core/Src/can.o
 .debug_macro   0x00000000000224b2      0x408 Core/Src/can.o
 .debug_macro   0x00000000000228ba      0x37c Core/Src/can.o
 .debug_macro   0x0000000000022c36       0xd6 Core/Src/can.o
 .debug_macro   0x0000000000022d0c      0x22c Core/Src/can.o
 .debug_macro   0x0000000000022f38       0x5e Core/Src/can.o
 .debug_macro   0x0000000000022f96       0xa5 Core/Src/can.o
 .debug_macro   0x000000000002303b      0x122 Core/Src/can.o
 .debug_macro   0x000000000002315d      0x3e9 Core/Src/can.o
 .debug_macro   0x0000000000023546      0xa44 Core/Src/can.o
 .debug_macro   0x0000000000023f8a      0x1e7 Core/Src/can.o
 .debug_macro   0x0000000000024171      0x59e Core/Src/can.o
 .debug_macro   0x000000000002470f       0x44 Core/Src/can.o
 .debug_macro   0x0000000000024753      0x34a Core/Src/can.o
 .debug_macro   0x0000000000024a9d       0x58 Core/Src/can.o
 .debug_macro   0x0000000000024af5      0x20c Core/Src/gpio.o
 .debug_macro   0x0000000000024d01      0x1fd Core/Src/i2c-lcd.o
 .debug_macro   0x0000000000024efe      0x20c Core/Src/i2c.o
 .debug_macro   0x000000000002510a      0x3f6 Core/Src/main.o
 .debug_macro   0x0000000000025500       0x46 Core/Src/main.o
 .debug_macro   0x0000000000025546       0x18 Core/Src/main.o
 .debug_macro   0x000000000002555e       0x3c Core/Src/main.o
 .debug_macro   0x000000000002559a       0x34 Core/Src/main.o
 .debug_macro   0x00000000000255ce       0x16 Core/Src/main.o
 .debug_macro   0x00000000000255e4       0x35 Core/Src/main.o
 .debug_macro   0x0000000000025619      0x32a Core/Src/main.o
 .debug_macro   0x0000000000025943       0x10 Core/Src/main.o
 .debug_macro   0x0000000000025953       0x52 Core/Src/main.o
 .debug_macro   0x00000000000259a5       0x1f Core/Src/main.o
 .debug_macro   0x00000000000259c4       0x43 Core/Src/main.o
 .debug_macro   0x0000000000025a07       0x20 Core/Src/main.o
 .debug_macro   0x0000000000025a27      0x1a3 Core/Src/main.o
 .debug_macro   0x0000000000025bca       0x10 Core/Src/main.o
 .debug_macro   0x0000000000025bda       0x1c Core/Src/main.o
 .debug_macro   0x0000000000025bf6       0x52 Core/Src/main.o
 .debug_macro   0x0000000000025c48       0x40 Core/Src/main.o
 .debug_macro   0x0000000000025c88       0x10 Core/Src/main.o
 .debug_macro   0x0000000000025c98       0x40 Core/Src/main.o
 .debug_macro   0x0000000000025cd8       0xd7 Core/Src/main.o
 .debug_macro   0x0000000000025daf       0x1c Core/Src/main.o
 .debug_macro   0x0000000000025dcb       0x3d Core/Src/main.o
 .debug_macro   0x0000000000025e08       0x16 Core/Src/main.o
 .debug_macro   0x0000000000025e1e      0x145 Core/Src/main.o
 .debug_macro   0x0000000000025f63       0x16 Core/Src/main.o
 .debug_macro   0x0000000000025f79       0x16 Core/Src/main.o
 .debug_macro   0x0000000000025f8f       0x29 Core/Src/main.o
 .debug_macro   0x0000000000025fb8       0x16 Core/Src/main.o
 .debug_macro   0x0000000000025fce       0x20 Core/Src/main.o
 .debug_macro   0x0000000000025fee      0x202 Core/Src/stm32l4xx_hal_msp.o
 .debug_macro   0x00000000000261f0      0x20c Core/Src/stm32l4xx_it.o
 .debug_macro   0x00000000000263fc      0x1f9 Core/Src/system_stm32l4xx.o
 .debug_macro   0x00000000000265f5      0x20c Core/Src/tim.o
 .debug_macro   0x0000000000026801      0x20c Core/Src/usart.o
 .debug_macro   0x0000000000026a0d      0x241 Drivers/STM32L4xx_HAL_Driver/Src/stm32l4xx_hal.o
 .debug_macro   0x0000000000026c4e      0x1fb Drivers/STM32L4xx_HAL_Driver/Src/stm32l4xx_hal_can.o
 .debug_macro   0x0000000000026e49      0x1f3 Drivers/STM32L4xx_HAL_Driver/Src/stm32l4xx_hal_cortex.o
 .debug_macro   0x000000000002703c      0x232 Drivers/STM32L4xx_HAL_Driver/Src/stm32l4xx_hal_gpio.o
 .debug_macro   0x000000000002726e      0x2b8 Drivers/STM32L4xx_HAL_Driver/Src/stm32l4xx_hal_i2c.o
 .debug_macro   0x0000000000027526      0x1f3 Drivers/STM32L4xx_HAL_Driver/Src/stm32l4xx_hal_i2c_ex.o
 .debug_macro   0x0000000000027719      0x217 Drivers/STM32L4xx_HAL_Driver/Src/stm32l4xx_hal_pwr_ex.o
 .debug_macro   0x0000000000027930      0x235 Drivers/STM32L4xx_HAL_Driver/Src/stm32l4xx_hal_rcc.o
 .debug_macro   0x0000000000027b65      0x229 Drivers/STM32L4xx_HAL_Driver/Src/stm32l4xx_hal_rcc_ex.o
 .debug_macro   0x0000000000027d8e      0x1f4 Drivers/STM32L4xx_HAL_Driver/Src/stm32l4xx_hal_tim.o
 .debug_macro   0x0000000000027f82      0x1f3 Drivers/STM32L4xx_HAL_Driver/Src/stm32l4xx_hal_tim_ex.o
 .debug_macro   0x0000000000028175      0x21e Drivers/STM32L4xx_HAL_Driver/Src/stm32l4xx_hal_uart.o

.debug_line     0x0000000000000000     0xf72b
 .debug_line    0x0000000000000000      0x74b Core/Src/can.o
 .debug_line    0x000000000000074b      0x723 Core/Src/gpio.o
 .debug_line    0x0000000000000e6e      0x7a2 Core/Src/i2c-lcd.o
 .debug_line    0x0000000000001610      0x749 Core/Src/i2c.o
 .debug_line    0x0000000000001d59      0xa68 Core/Src/main.o
 .debug_line    0x00000000000027c1      0x715 Core/Src/stm32l4xx_hal_msp.o
 .debug_line    0x0000000000002ed6      0x7dd Core/Src/stm32l4xx_it.o
 .debug_line    0x00000000000036b3      0x73f Core/Src/system_stm32l4xx.o
 .debug_line    0x0000000000003df2      0x744 Core/Src/tim.o
 .debug_line    0x0000000000004536      0x74a Core/Src/usart.o
 .debug_line    0x0000000000004c80       0x85 Core/Startup/startup_stm32l476rgtx.o
 .debug_line    0x0000000000004d05      0x9b3 Drivers/STM32L4xx_HAL_Driver/Src/stm32l4xx_hal.o
 .debug_line    0x00000000000056b8      0xbbd Drivers/STM32L4xx_HAL_Driver/Src/stm32l4xx_hal_can.o
 .debug_line    0x0000000000006275      0xa3b Drivers/STM32L4xx_HAL_Driver/Src/stm32l4xx_hal_cortex.o
 .debug_line    0x0000000000006cb0      0x8d2 Drivers/STM32L4xx_HAL_Driver/Src/stm32l4xx_hal_gpio.o
 .debug_line    0x0000000000007582     0x1af4 Drivers/STM32L4xx_HAL_Driver/Src/stm32l4xx_hal_i2c.o
 .debug_line    0x0000000000009076      0x858 Drivers/STM32L4xx_HAL_Driver/Src/stm32l4xx_hal_i2c_ex.o
 .debug_line    0x00000000000098ce      0xac9 Drivers/STM32L4xx_HAL_Driver/Src/stm32l4xx_hal_pwr_ex.o
 .debug_line    0x000000000000a397      0xa2c Drivers/STM32L4xx_HAL_Driver/Src/stm32l4xx_hal_rcc.o
 .debug_line    0x000000000000adc3      0xcc2 Drivers/STM32L4xx_HAL_Driver/Src/stm32l4xx_hal_rcc_ex.o
 .debug_line    0x000000000000ba85     0x1baf Drivers/STM32L4xx_HAL_Driver/Src/stm32l4xx_hal_tim.o
 .debug_line    0x000000000000d634      0xe23 Drivers/STM32L4xx_HAL_Driver/Src/stm32l4xx_hal_tim_ex.o
 .debug_line    0x000000000000e457     0x12d4 Drivers/STM32L4xx_HAL_Driver/Src/stm32l4xx_hal_uart.o

.debug_str      0x0000000000000000    0xf62b3
 .debug_str     0x0000000000000000    0xecabc Core/Src/can.o
                                      0xece69 (size before relaxing)
 .debug_str     0x00000000000ecabc       0x46 Core/Src/gpio.o
                                      0xecbe0 (size before relaxing)
 .debug_str     0x00000000000ecb02      0x43f Core/Src/i2c-lcd.o
                                      0xec8d9 (size before relaxing)
 .debug_str     0x00000000000ecf41       0x54 Core/Src/i2c.o
                                      0xecb89 (size before relaxing)
 .debug_str     0x00000000000ecf95     0x4aa3 Core/Src/main.o
                                      0xf183d (size before relaxing)
 .debug_str     0x00000000000f1a38       0x2c Core/Src/stm32l4xx_hal_msp.o
                                      0xec65f (size before relaxing)
 .debug_str     0x00000000000f1a64       0xe2 Core/Src/stm32l4xx_it.o
                                      0xec8fa (size before relaxing)
 .debug_str     0x00000000000f1b46       0xcd Core/Src/system_stm32l4xx.o
                                      0xec5cf (size before relaxing)
 .debug_str     0x00000000000f1c13      0x10c Core/Src/tim.o
                                      0xecb45 (size before relaxing)
 .debug_str     0x00000000000f1d1f       0x57 Core/Src/usart.o
                                      0xecac7 (size before relaxing)
 .debug_str     0x00000000000f1d76       0x36 Core/Startup/startup_stm32l476rgtx.o
                                         0x6b (size before relaxing)
 .debug_str     0x00000000000f1dac      0x608 Drivers/STM32L4xx_HAL_Driver/Src/stm32l4xx_hal.o
                                      0xed112 (size before relaxing)
 .debug_str     0x00000000000f23b4      0x478 Drivers/STM32L4xx_HAL_Driver/Src/stm32l4xx_hal_can.o
                                      0xecc60 (size before relaxing)
 .debug_str     0x00000000000f282c      0x392 Drivers/STM32L4xx_HAL_Driver/Src/stm32l4xx_hal_cortex.o
                                      0xece22 (size before relaxing)
 .debug_str     0x00000000000f2bbe      0x236 Drivers/STM32L4xx_HAL_Driver/Src/stm32l4xx_hal_gpio.o
                                      0xec84e (size before relaxing)
 .debug_str     0x00000000000f2df4      0xd49 Drivers/STM32L4xx_HAL_Driver/Src/stm32l4xx_hal_i2c.o
                                      0xed6e0 (size before relaxing)
 .debug_str     0x00000000000f3b3d       0xb8 Drivers/STM32L4xx_HAL_Driver/Src/stm32l4xx_hal_i2c_ex.o
                                      0xecad8 (size before relaxing)
 .debug_str     0x00000000000f3bf5      0x4b4 Drivers/STM32L4xx_HAL_Driver/Src/stm32l4xx_hal_pwr_ex.o
                                      0xecaea (size before relaxing)
 .debug_str     0x00000000000f40a9      0x343 Drivers/STM32L4xx_HAL_Driver/Src/stm32l4xx_hal_rcc.o
                                      0xecb91 (size before relaxing)
 .debug_str     0x00000000000f43ec      0x3a6 Drivers/STM32L4xx_HAL_Driver/Src/stm32l4xx_hal_rcc_ex.o
                                      0xecd22 (size before relaxing)
 .debug_str     0x00000000000f4792      0xd31 Drivers/STM32L4xx_HAL_Driver/Src/stm32l4xx_hal_tim.o
                                      0xed649 (size before relaxing)
 .debug_str     0x00000000000f54c3      0x5b0 Drivers/STM32L4xx_HAL_Driver/Src/stm32l4xx_hal_tim_ex.o
                                      0xecf6a (size before relaxing)
 .debug_str     0x00000000000f5a73      0x840 Drivers/STM32L4xx_HAL_Driver/Src/stm32l4xx_hal_uart.o
                                      0xed199 (size before relaxing)

.comment        0x0000000000000000       0x7b
 .comment       0x0000000000000000       0x7b Core/Src/can.o
                                         0x7c (size before relaxing)
 .comment       0x000000000000007b       0x7c Core/Src/gpio.o
 .comment       0x000000000000007b       0x7c Core/Src/i2c-lcd.o
 .comment       0x000000000000007b       0x7c Core/Src/i2c.o
 .comment       0x000000000000007b       0x7c Core/Src/main.o
 .comment       0x000000000000007b       0x7c Core/Src/stm32l4xx_hal_msp.o
 .comment       0x000000000000007b       0x7c Core/Src/stm32l4xx_it.o
 .comment       0x000000000000007b       0x7c Core/Src/system_stm32l4xx.o
 .comment       0x000000000000007b       0x7c Core/Src/tim.o
 .comment       0x000000000000007b       0x7c Core/Src/usart.o
 .comment       0x000000000000007b       0x7c Drivers/STM32L4xx_HAL_Driver/Src/stm32l4xx_hal.o
 .comment       0x000000000000007b       0x7c Drivers/STM32L4xx_HAL_Driver/Src/stm32l4xx_hal_can.o
 .comment       0x000000000000007b       0x7c Drivers/STM32L4xx_HAL_Driver/Src/stm32l4xx_hal_cortex.o
 .comment       0x000000000000007b       0x7c Drivers/STM32L4xx_HAL_Driver/Src/stm32l4xx_hal_gpio.o
 .comment       0x000000000000007b       0x7c Drivers/STM32L4xx_HAL_Driver/Src/stm32l4xx_hal_i2c.o
 .comment       0x000000000000007b       0x7c Drivers/STM32L4xx_HAL_Driver/Src/stm32l4xx_hal_i2c_ex.o
 .comment       0x000000000000007b       0x7c Drivers/STM32L4xx_HAL_Driver/Src/stm32l4xx_hal_pwr_ex.o
 .comment       0x000000000000007b       0x7c Drivers/STM32L4xx_HAL_Driver/Src/stm32l4xx_hal_rcc.o
 .comment       0x000000000000007b       0x7c Drivers/STM32L4xx_HAL_Driver/Src/stm32l4xx_hal_rcc_ex.o
 .comment       0x000000000000007b       0x7c Drivers/STM32L4xx_HAL_Driver/Src/stm32l4xx_hal_tim.o
 .comment       0x000000000000007b       0x7c Drivers/STM32L4xx_HAL_Driver/Src/stm32l4xx_hal_tim_ex.o
 .comment       0x000000000000007b       0x7c Drivers/STM32L4xx_HAL_Driver/Src/stm32l4xx_hal_uart.o

.debug_frame    0x0000000000000000     0x4f08
 .debug_frame   0x0000000000000000       0x74 Core/Src/can.o
 .debug_frame   0x0000000000000074       0x34 Core/Src/gpio.o
 .debug_frame   0x00000000000000a8       0xe0 Core/Src/i2c-lcd.o
 .debug_frame   0x0000000000000188       0x74 Core/Src/i2c.o
 .debug_frame   0x00000000000001fc      0x16c Core/Src/main.o
 .debug_frame   0x0000000000000368       0x34 Core/Src/stm32l4xx_hal_msp.o
 .debug_frame   0x000000000000039c      0x144 Core/Src/stm32l4xx_it.o
 .debug_frame   0x00000000000004e0       0x58 Core/Src/system_stm32l4xx.o
 .debug_frame   0x0000000000000538       0x84 Core/Src/tim.o
 .debug_frame   0x00000000000005bc       0x74 Core/Src/usart.o
 .debug_frame   0x0000000000000630      0x498 Drivers/STM32L4xx_HAL_Driver/Src/stm32l4xx_hal.o
 .debug_frame   0x0000000000000ac8      0x5a0 Drivers/STM32L4xx_HAL_Driver/Src/stm32l4xx_hal_can.o
 .debug_frame   0x0000000000001068      0x498 Drivers/STM32L4xx_HAL_Driver/Src/stm32l4xx_hal_cortex.o
 .debug_frame   0x0000000000001500      0x14c Drivers/STM32L4xx_HAL_Driver/Src/stm32l4xx_hal_gpio.o
 .debug_frame   0x000000000000164c      0xbe8 Drivers/STM32L4xx_HAL_Driver/Src/stm32l4xx_hal_i2c.o
 .debug_frame   0x0000000000002234      0x100 Drivers/STM32L4xx_HAL_Driver/Src/stm32l4xx_hal_i2c_ex.o
 .debug_frame   0x0000000000002334      0x544 Drivers/STM32L4xx_HAL_Driver/Src/stm32l4xx_hal_pwr_ex.o
 .debug_frame   0x0000000000002878      0x1f4 Drivers/STM32L4xx_HAL_Driver/Src/stm32l4xx_hal_rcc.o
 .debug_frame   0x0000000000002a6c      0x2fc Drivers/STM32L4xx_HAL_Driver/Src/stm32l4xx_hal_rcc_ex.o
 .debug_frame   0x0000000000002d68     0x1148 Drivers/STM32L4xx_HAL_Driver/Src/stm32l4xx_hal_tim.o
 .debug_frame   0x0000000000003eb0      0x638 Drivers/STM32L4xx_HAL_Driver/Src/stm32l4xx_hal_tim_ex.o
 .debug_frame   0x00000000000044e8      0x974 Drivers/STM32L4xx_HAL_Driver/Src/stm32l4xx_hal_uart.o
 .debug_frame   0x0000000000004e5c       0x2c /home/mdh/st/stm32cubeide_1.3.0/plugins/com.st.stm32cube.ide.mcu.externaltools.gnu-tools-for-stm32.7-2018-q2-update.linux64_1.0.0.201904181610/tools/bin/../lib/gcc/arm-none-eabi/7.3.1/../../../../arm-none-eabi/lib/thumb/v7e-m/fpv4-sp/hard/libc_nano.a(lib_a-init.o)
 .debug_frame   0x0000000000004e88       0x20 /home/mdh/st/stm32cubeide_1.3.0/plugins/com.st.stm32cube.ide.mcu.externaltools.gnu-tools-for-stm32.7-2018-q2-update.linux64_1.0.0.201904181610/tools/bin/../lib/gcc/arm-none-eabi/7.3.1/../../../../arm-none-eabi/lib/thumb/v7e-m/fpv4-sp/hard/libc_nano.a(lib_a-memset.o)
 .debug_frame   0x0000000000004ea8       0x2c /home/mdh/st/stm32cubeide_1.3.0/plugins/com.st.stm32cube.ide.mcu.externaltools.gnu-tools-for-stm32.7-2018-q2-update.linux64_1.0.0.201904181610/tools/bin/../lib/gcc/arm-none-eabi/7.3.1/thumb/v7e-m/fpv4-sp/hard/libgcc.a(_aeabi_uldivmod.o)
 .debug_frame   0x0000000000004ed4       0x34 /home/mdh/st/stm32cubeide_1.3.0/plugins/com.st.stm32cube.ide.mcu.externaltools.gnu-tools-for-stm32.7-2018-q2-update.linux64_1.0.0.201904181610/tools/bin/../lib/gcc/arm-none-eabi/7.3.1/thumb/v7e-m/fpv4-sp/hard/libgcc.a(_udivmoddi4.o)
